Microchip MPLAB XC8 Compiler V2.31

Linker command line:

-W-3 --edf=C:\Program Files\Microchip\xc8\v2.31\pic\dat\en_msgs.txt -cn \
  -h+dist/default/production\EEPROM.X.production.sym \
  --cmf=dist/default/production\EEPROM.X.production.cmf -z -Q16F887 \
  -oC:\Users\DELL\AppData\Local\Temp\s3es.2 --defsym=__MPLAB_BUILD=1 \
  -Mdist/default/production/EEPROM.X.production.map -E1 -ver=XC8 Compiler \
  --acfsm=1493 -ASTACK=0110h-016Fh -pstack=STACK -ACODE=00h-07FFhx4 \
  -ASTRCODE=00h-01FFFh -ASTRING=00h-0FFhx32 -ACONST=00h-0FFhx32 \
  -AENTRY=00h-0FFhx32 -ACOMMON=070h-07Fh -ABANK0=020h-06Fh \
  -ABANK1=0A0h-0EFh -ABANK2=0110h-016Fh -ABANK3=0190h-01EFh \
  -ARAM=020h-06Fh,0A0h-0EFh,0110h-016Fh,0190h-01EFh \
  -AABS1=020h-07Fh,0A0h-0EFh,0110h-016Fh,0190h-01EFh -ASFR0=00h-01Fh \
  -ASFR1=080h-09Fh -ASFR2=0100h-010Fh -ASFR3=0180h-018Fh \
  -ACONFIG=02007h-02008h -DCONFIG=2 -AIDLOC=02000h-02003h -DIDLOC=2 \
  -AEEDATA=00h-0FFh/02100h -peeprom_data=EEDATA -DEEDATA=2 -DCODE=2 \
  -DSTRCODE=2 -DSTRING=2 -DCONST=2 -DENTRY=2 \
  -preset_vec=00h,intentry,init,end_init -ppowerup=CODE -pcinit=CODE \
  -pfunctab=ENTRY -k C:\Users\DELL\AppData\Local\Temp\s3es.o \
  dist/default/production\EEPROM.X.production.o 

Object code version is 3.11

Machine type is 16F887



                Name                               Link     Load   Length Selector   Space Scale
C:\Users\DELL\AppData\Local\Temp\s3es.o
                end_init                              0        0        3        0       0
                config                             2007     2007        2        0       4
dist/default/production\EEPROM.X.production.o
                cinit                               7F5      7F5        B      FEA       0
                config                             2007     2007        2        0       4
                text16                              EA2      EA2       A2     1D44       0
                text15                                E        E       AA       1C       0
                text14                              D55      D55       67     1AAA       0
                text13                              CA1      CA1       59     1942       0
                text12                              C4D      C4D       27     189A       0
                text11                              494      494      361      928       0
                text10                              E26      E26       7C     1C4C       0
                text9                               1AC      1AC      10B      358       0
                text8                               C29      C29        D     1852       0
                text7                               DBC      DBC       6A     1B78       0
                text6                               2B7      2B7      1DD      56E       0
                text5                                 5        5        9        A       0
                text4                               F44      F44       BC     1E88       0
                text3                               CFA      CFA       5B     19F4       0
                text2                               C36      C36       17     186C       0
                text1                               C74      C74       2D     18E8       0
                maintext                             B8       B8       F4      170       0
                cstackBANK0                          20       20       47       20       1
                cstackCOMMON                         70       70        E       70       1
                bssBANK0                             67       67        5       20       1
                nvBANK0                              6C       6C        1       20       1
                strings                             800      800       1A     1000       0

TOTAL           Name                               Link     Load   Length     Space
        CLASS   STACK          

        CLASS   CODE           
                end_init                              0        0        3         0
                cinit                               7F5      7F5        B         0
                text16                              EA2      EA2       A2         0
                text15                                E        E       AA         0
                text14                              D55      D55       67         0
                text13                              CA1      CA1       59         0
                text12                              C4D      C4D       27         0
                text11                              494      494      361         0
                text10                              E26      E26       7C         0
                text9                               1AC      1AC      10B         0
                text8                               C29      C29        D         0
                text7                               DBC      DBC       6A         0
                text6                               2B7      2B7      1DD         0
                text5                                 5        5        9         0
                text4                               F44      F44       BC         0
                text3                               CFA      CFA       5B         0
                text2                               C36      C36       17         0
                text1                               C74      C74       2D         0
                maintext                             B8       B8       F4         0

        CLASS   STRCODE        

        CLASS   STRING         
                strings                             800      800       1A         0

        CLASS   CONST          

        CLASS   ENTRY          

        CLASS   COMMON         
                cstackCOMMON                         70       70        E         1

        CLASS   BANK0          
                cstackBANK0                          20       20       47         1
                bssBANK0                             67       67        5         1
                nvBANK0                              6C       6C        1         1

        CLASS   BANK1          

        CLASS   BANK2          

        CLASS   BANK3          

        CLASS   RAM            

        CLASS   ABS1           
                abs_s1                               7E       7E        2         1

        CLASS   SFR0           

        CLASS   SFR1           

        CLASS   SFR2           

        CLASS   SFR3           

        CLASS   CONFIG         
                config                             2007     2007        2         4

        CLASS   IDLOC          

        CLASS   EEDATA         



SEGMENTS        Name                           Load    Length   Top    Selector   Space  Class     Delta

                reset_vec                      000000  000003  000003         0       0  CODE        2
                text5                          000005  000009  00000E         A       0  CODE        2
                text15                         00000E  0000AA  0000B8        1C       0  CODE        2
                cstackBANK0                    000020  00004D  00006D        20       1  BANK0       1
                cstackCOMMON                   000070  00000E  00007E        70       1  COMMON      1
                maintext                       0000B8  0000F4  0001AC       170       0  CODE        2
                text9                          0001AC  00010B  0002B7       358       0  CODE        2
                text6                          0002B7  0001DD  000494       56E       0  CODE        2
                text11                         000494  000361  0007F5       928       0  CODE        2
                cinit                          0007F5  00000B  000800       FEA       0  CODE        2
                strings                        000800  00001A  00081A      1000       0  STRING      2
                text8                          000C29  00000D  000C36      1852       0  CODE        2
                text2                          000C36  000017  000C4D      186C       0  CODE        2
                text12                         000C4D  000027  000C74      189A       0  CODE        2
                text1                          000C74  00002D  000CA1      18E8       0  CODE        2
                text13                         000CA1  000059  000CFA      1942       0  CODE        2
                text3                          000CFA  00005B  000D55      19F4       0  CODE        2
                text14                         000D55  000067  000DBC      1AAA       0  CODE        2
                text7                          000DBC  00006A  000E26      1B78       0  CODE        2
                text10                         000E26  00007C  000EA2      1C4C       0  CODE        2
                text16                         000EA2  0000A2  000F44      1D44       0  CODE        2
                text4                          000F44  0000BC  001000      1E88       0  CODE        2


UNUSED ADDRESS RANGES

        Name                Unused          Largest block    Delta
        BANK0            006D-006F              3           1
        BANK1            00A0-00EF             50           1
        BANK2            0110-016F             60           1
        BANK3            0190-01EF             60           1
        CODE             0003-0004              2           2
                         081A-0C28            40F
                         1000-1FFF            800
        CONST            0003-0004              2           2
                         081A-0C28            100
                         1000-1FFF            100
        EEDATA           2100-21FF            100           2
        ENTRY            0003-0004              2           2
                         081A-0C28            100
                         1000-1FFF            100
        IDLOC            2000-2003              4           2
        RAM              006D-006F              3           1
                         00A0-00EF             50
                         0110-016F             60
                         0190-01EF             60
        SFR0             0000-001F             20           1
        SFR1             0080-009F             20           1
        SFR2             0100-010F             10           1
        SFR3             0180-018F             10           1
        STACK            0110-016F             60           1
        STRCODE          0003-0004              2           2
                         081A-0C28            40F
                         1000-1FFF           1000
        STRING           0003-0004              2           2
                         081A-0C28            100
                         1000-1FFF            100

                                  Symbol Table

?__Umul8_16                     cstackCOMMON 0070
?___awdiv                       cstackCOMMON 0070
?___awmod                       cstackCOMMON 0070
?___fldiv                       cstackBANK0  0040
?___flmul                       cstackBANK0  0026
?___fltol                       cstackBANK0  0040
?___xxtofl                      cstackCOMMON 0072
?_adc_readChannel               cstackBANK0  0026
Led7_addFloatToBuffer@i         cstackBANK0  0050
Led7_addFloatToBuffer@newNum    cstackBANK0  004E
Led7_addFloatToBuffer@num       cstackBANK0  0049
Led7_addFloatToBuffer@p         cstackBANK0  0052
Led7_display@num                cstackBANK0  0053
Led7_displayUnit@number         cstackCOMMON 0070
Led7_pointIndex@num             cstackBANK0  0020
_ADCON0                         (abs)        001F
_ADCON1                         (abs)        009F
_ADRESH                         (abs)        001E
_ADRESL                         (abs)        009E
_ANSELH                         (abs)        0189
_EEADR                          (abs)        010D
_EECON1                         (abs)        018C
_EECON1bits                     (abs)        018C
_EECON2                         (abs)        018D
_EEDATA                         (abs)        010C
_GO_nDONE                       (abs)        00F9
_INTCONbits                     (abs)        000B
_LED7_HEX                       strings      0806
_Led7_addFloatToBuffer          text9        01AC
_Led7_display                   text7        0DBC
_Led7_displayUnit               text8        0C29
_Led7_pointIndex                text15       000E
_PORTC                          (abs)        0007
_RB0                            (abs)        0030
_RB4                            (abs)        0034
_RD0                            (abs)        0040
_RD1                            (abs)        0041
_RD2                            (abs)        0042
_RD3                            (abs)        0043
_STATUSbits                     (abs)        0003
_TRISA                          (abs)        0085
_TRISB                          (abs)        0086
_TRISC                          (abs)        0087
_TRISD                          (abs)        0088
__Habs1                         abs1         0000
__Hbank0                        bank0        0000
__Hbank1                        bank1        0000
__Hbank2                        bank2        0000
__Hbank3                        bank3        0000
__HbssBANK0                     bssBANK0     0000
__Hcinit                        cinit        0800
__Hclrtext                      clrtext      0000
__Hcode                         code         0000
__Hcommon                       common       0000
__Hconfig                       config       2009
__HcstackBANK0                  cstackBANK0  0000
__HcstackCOMMON                 cstackCOMMON 0000
__Heeprom_data                  eeprom_data  0000
__Hend_init                     end_init     0003
__Hfunctab                      functab      0000
__Hinit                         init         0000
__Hintentry                     intentry     0000
__Hmaintext                     maintext     0000
__HnvBANK0                      nvBANK0      0000
__Hpowerup                      powerup      0000
__Hram                          ram          0000
__Hreset_vec                    reset_vec    0000
__Hsfr0                         sfr0         0000
__Hsfr1                         sfr1         0000
__Hsfr2                         sfr2         0000
__Hsfr3                         sfr3         0000
__Hspace_0                      (abs)        1000
__Hspace_1                      (abs)        007E
__Hspace_2                      (abs)        0000
__Hspace_3                      (abs)        0000
__Hspace_4                      (abs)        4010
__Hstack                        stack        0000
__Hstrings                      strings      0000
__Htext                         text         0000
__Labs1                         abs1         0000
__Lbank0                        bank0        0000
__Lbank1                        bank1        0000
__Lbank2                        bank2        0000
__Lbank3                        bank3        0000
__LbssBANK0                     bssBANK0     0000
__Lcinit                        cinit        07F5
__Lclrtext                      clrtext      0000
__Lcode                         code         0000
__Lcommon                       common       0000
__Lconfig                       config       0000
__LcstackBANK0                  cstackBANK0  0000
__LcstackCOMMON                 cstackCOMMON 0000
__Leeprom_data                  eeprom_data  0000
__Lend_init                     end_init     0000
__Lfunctab                      functab      0000
__Linit                         init         0000
__Lintentry                     intentry     0000
__Lmaintext                     maintext     0000
__LnvBANK0                      nvBANK0      0000
__Lpowerup                      powerup      0000
__Lram                          ram          0000
__Lreset_vec                    reset_vec    0000
__Lsfr0                         sfr0         0000
__Lsfr1                         sfr1         0000
__Lsfr2                         sfr2         0000
__Lsfr3                         sfr3         0000
__Lspace_0                      (abs)        0000
__Lspace_1                      (abs)        0000
__Lspace_2                      (abs)        0000
__Lspace_3                      (abs)        0000
__Lspace_4                      (abs)        0000
__Lstack                        stack        0000
__Lstrings                      strings      0000
__Ltext                         text         0000
__S0                            (abs)        1000
__S1                            (abs)        007E
__S2                            (abs)        0000
__S3                            (abs)        0000
__Umul8_16                      text12       0C4D
__Umul8_16@multiplicand         cstackCOMMON 0070
__Umul8_16@multiplier           cstackCOMMON 0078
__Umul8_16@product              cstackCOMMON 0074
__Umul8_16@word_mpld            cstackCOMMON 0076
___awdiv                        text14       0D55
___awdiv@counter                cstackCOMMON 0075
___awdiv@dividend               cstackCOMMON 0072
___awdiv@divisor                cstackCOMMON 0070
___awdiv@quotient               cstackCOMMON 0077
___awdiv@sign                   cstackCOMMON 0076
___awmod                        text13       0CA1
___awmod@counter                cstackCOMMON 0075
___awmod@dividend               cstackCOMMON 0072
___awmod@divisor                cstackCOMMON 0070
___awmod@sign                   cstackCOMMON 0076
___fldiv                        text6        02B7
___fldiv@a                      cstackBANK0  0040
___fldiv@aexp                   cstackBANK0  0059
___fldiv@b                      cstackBANK0  0044
___fldiv@bexp                   cstackBANK0  0058
___fldiv@grs                    cstackBANK0  0054
___fldiv@new_exp                cstackBANK0  0052
___fldiv@rem                    cstackBANK0  004D
___fldiv@sign                   cstackBANK0  0051
___flge                         text16       0EA2
___flge@ff1                     cstackCOMMON 0070
___flge@ff2                     cstackCOMMON 0074
___flmul                        text11       0494
___flmul@a                      cstackBANK0  002A
___flmul@aexp                   cstackBANK0  0038
___flmul@b                      cstackBANK0  0026
___flmul@bexp                   cstackBANK0  0039
___flmul@grs                    cstackBANK0  0034
___flmul@prod                   cstackBANK0  003A
___flmul@sign                   cstackBANK0  0033
___flmul@temp                   cstackBANK0  003E
___fltol                        text10       0E26
___fltol@exp1                   cstackCOMMON 007D
___fltol@f1                     cstackBANK0  0040
___fltol@sign1                  cstackCOMMON 007C
___int_sp                       stack        0000
___latbits                      (abs)        0002
___sp                           stack        0000
___stackhi                      (abs)        0000
___stacklo                      (abs)        0000
___xxtofl                       text4        0F44
___xxtofl@arg                   cstackBANK0  0022
___xxtofl@exp                   cstackBANK0  0021
___xxtofl@sign                  cstackBANK0  0020
___xxtofl@val                   cstackCOMMON 0072
__end_of_LED7_HEX               strings      081A
__end_of_Led7_addFloatToBuffer  text9        02B7
__end_of_Led7_display           text7        0E26
__end_of_Led7_displayUnit       text8        0C36
__end_of_Led7_pointIndex        text15       00B8
__end_of__Umul8_16              text12       0C74
__end_of___awdiv                text14       0DBC
__end_of___awmod                text13       0CFA
__end_of___fldiv                text6        0494
__end_of___flge                 text16       0F44
__end_of___flmul                text11       07F5
__end_of___fltol                text10       0EA2
__end_of___xxtofl               text4        1000
__end_of__initialization        cinit        07FC
__end_of__stringtab             strings      0806
__end_of_adc_init               text5        000E
__end_of_adc_readChannel        text3        0D55
__end_of_eeprom_read            text2        0C4D
__end_of_eeprom_write           text1        0CA1
__end_of_main                   maintext     01AC
__initialization                cinit        07F5
__pbssBANK0                     bssBANK0     0067
__pcstackBANK0                  cstackBANK0  0020
__pcstackCOMMON                 cstackCOMMON 0070
__pmaintext                     maintext     00B8
__pnvBANK0                      nvBANK0      006C
__pstrings                      strings      0800
__ptext1                        text1        0C74
__ptext10                       text10       0E26
__ptext11                       text11       0494
__ptext12                       text12       0C4D
__ptext13                       text13       0CA1
__ptext14                       text14       0D55
__ptext15                       text15       000E
__ptext16                       text16       0EA2
__ptext2                        text2        0C36
__ptext3                        text3        0CFA
__ptext4                        text4        0F44
__ptext5                        text5        0005
__ptext6                        text6        02B7
__ptext7                        text7        0DBC
__ptext8                        text8        0C29
__ptext9                        text9        01AC
__size_of_Led7_addFloatToBuffer (abs)        0000
__size_of_Led7_display          (abs)        0000
__size_of_Led7_displayUnit      (abs)        0000
__size_of_Led7_pointIndex       (abs)        0000
__size_of__Umul8_16             (abs)        0000
__size_of___awdiv               (abs)        0000
__size_of___awmod               (abs)        0000
__size_of___fldiv               (abs)        0000
__size_of___flge                (abs)        0000
__size_of___flmul               (abs)        0000
__size_of___fltol               (abs)        0000
__size_of___xxtofl              (abs)        0000
__size_of_adc_init              (abs)        0000
__size_of_adc_readChannel       (abs)        0000
__size_of_eeprom_read           (abs)        0000
__size_of_eeprom_write          (abs)        0000
__size_of_main                  (abs)        0000
__stringbase                    strings      0805
__stringtab                     strings      0800
_adc_init                       text5        0005
_adc_readChannel                text3        0CFA
_adc_value                      nvBANK0      006C
_buffer                         bssBANK0     0067
_eeprom_read                    text2        0C36
_eeprom_write                   text1        0C74
_main                           maintext     00B8
_saved_adc_value                bssBANK0     006B
adc_readChannel@channel         cstackBANK0  0026
btemp                           (abs)        007E
eeprom_read@addr                cstackCOMMON 0071
eeprom_write@addr               cstackCOMMON 0072
eeprom_write@value              cstackCOMMON 0070
end_of_initialization           cinit        07FC
intlevel0                       functab      0000
intlevel1                       functab      0000
intlevel2                       functab      0000
intlevel3                       functab      0000
intlevel4                       functab      0000
intlevel5                       functab      0000
main@temp                       cstackBANK0  0063
main@volt                       cstackBANK0  005F
reset_vec                       reset_vec    0000
start                           init         0000
start_initialization            cinit        07F5
wtemp0                          (abs)        007E


FUNCTION INFORMATION:

 *************** function _main *****************
 Defined at:
		line 33 in file "newmain.c"
 Parameters:    Size  Location     Type
		None
 Auto vars:     Size  Location     Type
  temp            4   67[BANK0 ] 
  volt            4   63[BANK0 ] 
 Return value:  Size  Location     Type
                  1    wreg      void 
 Registers used:
		wreg, fsr0l, fsr0h, status,2, status,0, btemp+1, pclath, cstack
 Tracked objects:
		On entry : 
		On exit  : 
		Unchanged: 
 Data sizes:     COMMON   BANK0   BANK1   BANK3   BANK2
      Params:         0       0       0       0       0
      Locals:         0       8       0       0       0
      Temps:          0       5       0       0       0
      Totals:         0      13       0       0       0
Total ram usage:       13 bytes
 Hardware stack levels required when called:    4
 This function calls:
		_Led7_display
		___fldiv
		___flmul
		___fltol
		___xxtofl
		_adc_init
		_adc_readChannel
		_eeprom_read
		_eeprom_write
 This function is called by:
		Startup code after reset
 This function uses a non-reentrant model


 *************** function _eeprom_write *****************
 Defined at:
		line 6 in file "C:\Program Files\Microchip\xc8\v2.31\pic\sources\c90\pic\__eewrite.c"
 Parameters:    Size  Location     Type
  addr            1    wreg     unsigned char 
  value           1    0[COMMON] unsigned char 
 Auto vars:     Size  Location     Type
  addr            1    2[COMMON] unsigned char 
 Return value:  Size  Location     Type
                  1    wreg      void 
 Registers used:
		wreg, status,2, status,0
 Tracked objects:
		On entry : 
		On exit  : 
		Unchanged: 
 Data sizes:     COMMON   BANK0   BANK1   BANK3   BANK2
      Params:         1       0       0       0       0
      Locals:         1       0       0       0       0
      Temps:          1       0       0       0       0
      Totals:         3       0       0       0       0
Total ram usage:        3 bytes
 Hardware stack levels used:    1
 This function calls:
		Nothing
 This function is called by:
		_main
 This function uses a non-reentrant model


 *************** function _eeprom_read *****************
 Defined at:
		line 6 in file "C:\Program Files\Microchip\xc8\v2.31\pic\sources\c90\pic\__eeread.c"
 Parameters:    Size  Location     Type
  addr            1    wreg     unsigned char 
 Auto vars:     Size  Location     Type
  addr            1    1[COMMON] unsigned char 
 Return value:  Size  Location     Type
                  1    wreg      unsigned char 
 Registers used:
		wreg, status,2, status,0
 Tracked objects:
		On entry : 
		On exit  : 
		Unchanged: 
 Data sizes:     COMMON   BANK0   BANK1   BANK3   BANK2
      Params:         0       0       0       0       0
      Locals:         1       0       0       0       0
      Temps:          1       0       0       0       0
      Totals:         2       0       0       0       0
Total ram usage:        2 bytes
 Hardware stack levels used:    1
 This function calls:
		Nothing
 This function is called by:
		_main
 This function uses a non-reentrant model


 *************** function _adc_readChannel *****************
 Defined at:
		line 15 in file "ADC.c"
 Parameters:    Size  Location     Type
  channel         2    6[BANK0 ] unsigned int 
 Auto vars:     Size  Location     Type
		None
 Return value:  Size  Location     Type
                  4    6[BANK0 ] unsigned int 
 Registers used:
		wreg, status,2, status,0, btemp+1, pclath, cstack
 Tracked objects:
		On entry : 
		On exit  : 
		Unchanged: 
 Data sizes:     COMMON   BANK0   BANK1   BANK3   BANK2
      Params:         0       4       0       0       0
      Locals:         0       0       0       0       0
      Temps:          2       0       0       0       0
      Totals:         2       4       0       0       0
Total ram usage:        6 bytes
 Hardware stack levels used:    1
 Hardware stack levels required when called:    1
 This function calls:
		___xxtofl
 This function is called by:
		_main
 This function uses a non-reentrant model


 *************** function ___xxtofl *****************
 Defined at:
		line 10 in file "C:\Program Files\Microchip\xc8\v2.31\pic\sources\c90\common\xxtofl.c"
 Parameters:    Size  Location     Type
  sign            1    wreg     unsigned char 
  val             4    2[COMMON] long 
 Auto vars:     Size  Location     Type
  sign            1    0[BANK0 ] unsigned char 
  arg             4    2[BANK0 ] unsigned long 
  exp             1    1[BANK0 ] unsigned char 
 Return value:  Size  Location     Type
                  4    2[COMMON] unsigned char 
 Registers used:
		wreg, status,2, status,0
 Tracked objects:
		On entry : 
		On exit  : 
		Unchanged: 
 Data sizes:     COMMON   BANK0   BANK1   BANK3   BANK2
      Params:         4       0       0       0       0
      Locals:         0       6       0       0       0
      Temps:          4       0       0       0       0
      Totals:         8       6       0       0       0
Total ram usage:       14 bytes
 Hardware stack levels used:    1
 This function calls:
		Nothing
 This function is called by:
		_main
		_adc_readChannel
 This function uses a non-reentrant model


 *************** function _adc_init *****************
 Defined at:
		line 10 in file "ADC.c"
 Parameters:    Size  Location     Type
		None
 Auto vars:     Size  Location     Type
		None
 Return value:  Size  Location     Type
                  1    wreg      void 
 Registers used:
		wreg
 Tracked objects:
		On entry : 
		On exit  : 
		Unchanged: 
 Data sizes:     COMMON   BANK0   BANK1   BANK3   BANK2
      Params:         0       0       0       0       0
      Locals:         0       0       0       0       0
      Temps:          0       0       0       0       0
      Totals:         0       0       0       0       0
Total ram usage:        0 bytes
 Hardware stack levels used:    1
 This function calls:
		Nothing
 This function is called by:
		_main
 This function uses a non-reentrant model


 *************** function ___fldiv *****************
 Defined at:
		line 8 in file "C:\Program Files\Microchip\xc8\v2.31\pic\sources\c90\common\sprcdiv.c"
 Parameters:    Size  Location     Type
  a               4   32[BANK0 ] void 
  b               4   36[BANK0 ] void 
 Auto vars:     Size  Location     Type
  grs             4   52[BANK0 ] unsigned long 
  rem             4   45[BANK0 ] unsigned long 
  new_exp         2   50[BANK0 ] int 
  aexp            1   57[BANK0 ] unsigned char 
  bexp            1   56[BANK0 ] unsigned char 
  sign            1   49[BANK0 ] unsigned char 
 Return value:  Size  Location     Type
                  4   32[BANK0 ] unsigned char 
 Registers used:
		wreg, status,2, status,0, btemp+1
 Tracked objects:
		On entry : 
		On exit  : 
		Unchanged: 
 Data sizes:     COMMON   BANK0   BANK1   BANK3   BANK2
      Params:         0       8       0       0       0
      Locals:         0      13       0       0       0
      Temps:          0       5       0       0       0
      Totals:         0      26       0       0       0
Total ram usage:       26 bytes
 Hardware stack levels used:    1
 This function calls:
		Nothing
 This function is called by:
		_main
 This function uses a non-reentrant model


 *************** function _Led7_display *****************
 Defined at:
		line 43 in file "led7.c"
 Parameters:    Size  Location     Type
  num             4   51[BANK0 ] unsigned char 
 Auto vars:     Size  Location     Type
		None
 Return value:  Size  Location     Type
                  1    wreg      void 
 Registers used:
		wreg, fsr0l, fsr0h, status,2, status,0, btemp+1, pclath, cstack
 Tracked objects:
		On entry : 
		On exit  : 
		Unchanged: 
 Data sizes:     COMMON   BANK0   BANK1   BANK3   BANK2
      Params:         0       4       0       0       0
      Locals:         0       0       0       0       0
      Temps:          0       2       0       0       0
      Totals:         0       6       0       0       0
Total ram usage:        6 bytes
 Hardware stack levels used:    1
 Hardware stack levels required when called:    3
 This function calls:
		_Led7_addFloatToBuffer
		_Led7_displayUnit
 This function is called by:
		_main
 This function uses a non-reentrant model


 *************** function _Led7_displayUnit *****************
 Defined at:
		line 21 in file "led7.c"
 Parameters:    Size  Location     Type
  number          1    wreg     unsigned char 
 Auto vars:     Size  Location     Type
  number          1    0[COMMON] unsigned char 
 Return value:  Size  Location     Type
                  1    wreg      void 
 Registers used:
		wreg, fsr0l, fsr0h, status,2, status,0, pclath
 Tracked objects:
		On entry : 
		On exit  : 
		Unchanged: 
 Data sizes:     COMMON   BANK0   BANK1   BANK3   BANK2
      Params:         0       0       0       0       0
      Locals:         1       0       0       0       0
      Temps:          0       0       0       0       0
      Totals:         1       0       0       0       0
Total ram usage:        1 bytes
 Hardware stack levels used:    2
 This function calls:
		Nothing
 This function is called by:
		_Led7_display
 This function uses a non-reentrant model


 *************** function _Led7_addFloatToBuffer *****************
 Defined at:
		line 25 in file "led7.c"
 Parameters:    Size  Location     Type
  num             4   41[BANK0 ] void 
 Auto vars:     Size  Location     Type
  i               2   48[BANK0 ] int 
  newNum          2   46[BANK0 ] int 
  p               1   50[BANK0 ] unsigned char 
 Return value:  Size  Location     Type
                  1    wreg      void 
 Registers used:
		wreg, fsr0l, fsr0h, status,2, status,0, btemp+1, pclath, cstack
 Tracked objects:
		On entry : 
		On exit  : 
		Unchanged: 
 Data sizes:     COMMON   BANK0   BANK1   BANK3   BANK2
      Params:         0       4       0       0       0
      Locals:         0       5       0       0       0
      Temps:          0       1       0       0       0
      Totals:         0      10       0       0       0
Total ram usage:       10 bytes
 Hardware stack levels used:    1
 Hardware stack levels required when called:    2
 This function calls:
		_Led7_pointIndex
		___awdiv
		___awmod
		___flmul
		___fltol
 This function is called by:
		_Led7_display
 This function uses a non-reentrant model


 *************** function ___fltol *****************
 Defined at:
		line 43 in file "C:\Program Files\Microchip\xc8\v2.31\pic\sources\c90\common\fltol.c"
 Parameters:    Size  Location     Type
  f1              4   32[BANK0 ] void 
 Auto vars:     Size  Location     Type
  exp1            1   13[COMMON] unsigned char 
  sign1           1   12[COMMON] unsigned char 
 Return value:  Size  Location     Type
                  4   32[BANK0 ] long 
 Registers used:
		wreg, status,2, status,0
 Tracked objects:
		On entry : 
		On exit  : 
		Unchanged: 
 Data sizes:     COMMON   BANK0   BANK1   BANK3   BANK2
      Params:         0       4       0       0       0
      Locals:         2       0       0       0       0
      Temps:          0       5       0       0       0
      Totals:         2       9       0       0       0
Total ram usage:       11 bytes
 Hardware stack levels used:    1
 This function calls:
		Nothing
 This function is called by:
		_main
		_Led7_addFloatToBuffer
 This function uses a non-reentrant model


 *************** function ___flmul *****************
 Defined at:
		line 8 in file "C:\Program Files\Microchip\xc8\v2.31\pic\sources\c90\common\sprcmul.c"
 Parameters:    Size  Location     Type
  b               4    6[BANK0 ] long 
  a               4   10[BANK0 ] long 
 Auto vars:     Size  Location     Type
  prod            4   26[BANK0 ] struct .
  grs             4   20[BANK0 ] unsigned long 
  temp            2   30[BANK0 ] struct .
  bexp            1   25[BANK0 ] unsigned char 
  aexp            1   24[BANK0 ] unsigned char 
  sign            1   19[BANK0 ] unsigned char 
 Return value:  Size  Location     Type
                  4    6[BANK0 ] unsigned char 
 Registers used:
		wreg, status,2, status,0, btemp+1, pclath, cstack
 Tracked objects:
		On entry : 
		On exit  : 
		Unchanged: 
 Data sizes:     COMMON   BANK0   BANK1   BANK3   BANK2
      Params:         0       8       0       0       0
      Locals:         0      13       0       0       0
      Temps:          0       5       0       0       0
      Totals:         0      26       0       0       0
Total ram usage:       26 bytes
 Hardware stack levels used:    1
 Hardware stack levels required when called:    1
 This function calls:
		__Umul8_16
 This function is called by:
		_main
		_Led7_addFloatToBuffer
 This function uses a non-reentrant model


 *************** function __Umul8_16 *****************
 Defined at:
		line 4 in file "C:\Program Files\Microchip\xc8\v2.31\pic\sources\c90\common\Umul8_16.c"
 Parameters:    Size  Location     Type
  multiplier      1    wreg     unsigned char 
  multiplicand    1    0[COMMON] unsigned char 
 Auto vars:     Size  Location     Type
  multiplier      1    8[COMMON] unsigned char 
  word_mpld       2    6[COMMON] unsigned int 
  product         2    4[COMMON] unsigned int 
 Return value:  Size  Location     Type
                  2    0[COMMON] unsigned int 
 Registers used:
		wreg, status,2, status,0
 Tracked objects:
		On entry : 
		On exit  : 
		Unchanged: 
 Data sizes:     COMMON   BANK0   BANK1   BANK3   BANK2
      Params:         2       0       0       0       0
      Locals:         5       0       0       0       0
      Temps:          2       0       0       0       0
      Totals:         9       0       0       0       0
Total ram usage:        9 bytes
 Hardware stack levels used:    1
 This function calls:
		Nothing
 This function is called by:
		___flmul
 This function uses a non-reentrant model


 *************** function ___awmod *****************
 Defined at:
		line 5 in file "C:\Program Files\Microchip\xc8\v2.31\pic\sources\c90\common\awmod.c"
 Parameters:    Size  Location     Type
  divisor         2    0[COMMON] int 
  dividend        2    2[COMMON] int 
 Auto vars:     Size  Location     Type
  sign            1    6[COMMON] unsigned char 
  counter         1    5[COMMON] unsigned char 
 Return value:  Size  Location     Type
                  2    0[COMMON] int 
 Registers used:
		wreg, status,2, status,0
 Tracked objects:
		On entry : 
		On exit  : 
		Unchanged: 
 Data sizes:     COMMON   BANK0   BANK1   BANK3   BANK2
      Params:         4       0       0       0       0
      Locals:         2       0       0       0       0
      Temps:          1       0       0       0       0
      Totals:         7       0       0       0       0
Total ram usage:        7 bytes
 Hardware stack levels used:    1
 This function calls:
		Nothing
 This function is called by:
		_Led7_addFloatToBuffer
 This function uses a non-reentrant model


 *************** function ___awdiv *****************
 Defined at:
		line 5 in file "C:\Program Files\Microchip\xc8\v2.31\pic\sources\c90\common\awdiv.c"
 Parameters:    Size  Location     Type
  divisor         2    0[COMMON] int 
  dividend        2    2[COMMON] int 
 Auto vars:     Size  Location     Type
  quotient        2    7[COMMON] int 
  sign            1    6[COMMON] unsigned char 
  counter         1    5[COMMON] unsigned char 
 Return value:  Size  Location     Type
                  2    0[COMMON] int 
 Registers used:
		wreg, status,2, status,0
 Tracked objects:
		On entry : 
		On exit  : 
		Unchanged: 
 Data sizes:     COMMON   BANK0   BANK1   BANK3   BANK2
      Params:         4       0       0       0       0
      Locals:         4       0       0       0       0
      Temps:          1       0       0       0       0
      Totals:         9       0       0       0       0
Total ram usage:        9 bytes
 Hardware stack levels used:    1
 This function calls:
		Nothing
 This function is called by:
		_Led7_addFloatToBuffer
 This function uses a non-reentrant model


 *************** function _Led7_pointIndex *****************
 Defined at:
		line 13 in file "led7.c"
 Parameters:    Size  Location     Type
  num             4    0[BANK0 ] int 
 Auto vars:     Size  Location     Type
		None
 Return value:  Size  Location     Type
                  1    wreg      unsigned char 
 Registers used:
		wreg, status,2, status,0, pclath, cstack
 Tracked objects:
		On entry : 
		On exit  : 
		Unchanged: 
 Data sizes:     COMMON   BANK0   BANK1   BANK3   BANK2
      Params:         0       4       0       0       0
      Locals:         0       0       0       0       0
      Temps:          0       0       0       0       0
      Totals:         0       4       0       0       0
Total ram usage:        4 bytes
 Hardware stack levels used:    1
 Hardware stack levels required when called:    1
 This function calls:
		___flge
 This function is called by:
		_Led7_addFloatToBuffer
 This function uses a non-reentrant model


 *************** function ___flge *****************
 Defined at:
		line 4 in file "C:\Program Files\Microchip\xc8\v2.31\pic\sources\c90\common\flge.c"
 Parameters:    Size  Location     Type
  ff1             4    0[COMMON] unsigned char 
  ff2             4    4[COMMON] unsigned char 
 Auto vars:     Size  Location     Type
		None
 Return value:  Size  Location     Type
		None               void
 Registers used:
		wreg, status,2, status,0
 Tracked objects:
		On entry : 
		On exit  : 
		Unchanged: 
 Data sizes:     COMMON   BANK0   BANK1   BANK3   BANK2
      Params:         8       0       0       0       0
      Locals:         0       0       0       0       0
      Temps:          4       0       0       0       0
      Totals:        12       0       0       0       0
Total ram usage:       12 bytes
 Hardware stack levels used:    1
 This function calls:
		Nothing
 This function is called by:
		_Led7_pointIndex
 This function uses a non-reentrant model



MODULE INFORMATION

Module		Function		Class		Link	Load	Size
C:\Program Files\Microchip\xc8\v2.31\pic\sources\c90\common\flge.c
		___flge        		CODE           	0EA2	0000	162

C:\Program Files\Microchip\xc8\v2.31\pic\sources\c90\common\flge.c estimated size: 162

C:\Program Files\Microchip\xc8\v2.31\pic\sources\c90\common\sprcmul.c
		___flmul       		CODE           	0494	0000	865

C:\Program Files\Microchip\xc8\v2.31\pic\sources\c90\common\sprcmul.c estimated size: 865

C:\Program Files\Microchip\xc8\v2.31\pic\sources\c90\common\sprcdiv.c
		___fldiv       		CODE           	02B7	0000	477

C:\Program Files\Microchip\xc8\v2.31\pic\sources\c90\common\sprcdiv.c estimated size: 477

C:\Program Files\Microchip\xc8\v2.31\pic\sources\c90\common\Umul8_16.c
		__Umul8_16     		CODE           	0C4D	0000	39

C:\Program Files\Microchip\xc8\v2.31\pic\sources\c90\common\Umul8_16.c estimated size: 39

C:\Program Files\Microchip\xc8\v2.31\pic\sources\c90\common\awmod.c
		___awmod       		CODE           	0CA1	0000	89

C:\Program Files\Microchip\xc8\v2.31\pic\sources\c90\common\awmod.c estimated size: 89

led7.c
		_Led7_display  		CODE           	0DBC	0000	106
		_Led7_displayUnit		CODE           	0C29	0000	13
		_Led7_addFloatToBuffer		CODE           	01AC	0000	267
		_Led7_pointIndex		CODE           	000E	0000	170

led7.c estimated size: 556

newmain.c
		_main          		CODE           	00B8	0000	244

newmain.c estimated size: 244

C:\Program Files\Microchip\xc8\v2.31\pic\sources\c90\pic\__eewrite.c
		_eeprom_write  		CODE           	0C74	0000	45

C:\Program Files\Microchip\xc8\v2.31\pic\sources\c90\pic\__eewrite.c estimated size: 45

C:\Program Files\Microchip\xc8\v2.31\pic\sources\c90\common\awdiv.c
		___awdiv       		CODE           	0D55	0000	103

C:\Program Files\Microchip\xc8\v2.31\pic\sources\c90\common\awdiv.c estimated size: 103

shared
		__stringtab    		STRING         	0800	0000	6
		__initialization		CODE           	07F5	0000	7
		_LED7_HEX      		STRING         	0806	0000	20

shared estimated size: 33

C:\Program Files\Microchip\xc8\v2.31\pic\sources\c90\common\fltol.c
		___fltol       		CODE           	0E26	0000	124

C:\Program Files\Microchip\xc8\v2.31\pic\sources\c90\common\fltol.c estimated size: 124

C:\Program Files\Microchip\xc8\v2.31\pic\sources\c90\common\xxtofl.c
		___xxtofl      		CODE           	0F44	0000	188

C:\Program Files\Microchip\xc8\v2.31\pic\sources\c90\common\xxtofl.c estimated size: 188

C:\Program Files\Microchip\xc8\v2.31\pic\sources\c90\pic\__eeread.c
		_eeprom_read   		CODE           	0C36	0000	23

C:\Program Files\Microchip\xc8\v2.31\pic\sources\c90\pic\__eeread.c estimated size: 23

ADC.c
		_adc_readChannel		CODE           	0CFA	0000	91
		_adc_init      		CODE           	0005	0000	9

ADC.c estimated size: 100

