Microchip MPLAB XC8 Compiler V2.31

Linker command line:

-W-3 --edf=C:\Program Files\Microchip\xc8\v2.31\pic\dat\en_msgs.txt -cn \
  -h+dist/default/production\onewire.X.production.sym \
  --cmf=dist/default/production\onewire.X.production.cmf -z -Q16F887 \
  -oC:\Users\DELL\AppData\Local\Temp\s2es.2 --defsym=__MPLAB_BUILD=1 \
  -Mdist/default/production/onewire.X.production.map -E1 -ver=XC8 Compiler \
  --acfsm=1493 -ASTACK=0110h-016Fh -pstack=STACK -ACODE=00h-07FFhx4 \
  -ASTRCODE=00h-01FFFh -ASTRING=00h-0FFhx32 -ACONST=00h-0FFhx32 \
  -AENTRY=00h-0FFhx32 -ACOMMON=070h-07Fh -ABANK0=020h-06Fh \
  -ABANK1=0A0h-0EFh -ABANK2=0110h-016Fh -ABANK3=0190h-01EFh \
  -ARAM=020h-06Fh,0A0h-0EFh,0110h-016Fh,0190h-01EFh \
  -AABS1=020h-07Fh,0A0h-0EFh,0110h-016Fh,0190h-01EFh -ASFR0=00h-01Fh \
  -ASFR1=080h-09Fh -ASFR2=0100h-010Fh -ASFR3=0180h-018Fh \
  -ACONFIG=02007h-02008h -DCONFIG=2 -AIDLOC=02000h-02003h -DIDLOC=2 \
  -AEEDATA=00h-0FFh/02100h -peeprom_data=EEDATA -DEEDATA=2 -DCODE=2 \
  -DSTRCODE=2 -DSTRING=2 -DCONST=2 -DENTRY=2 \
  -preset_vec=00h,intentry,init,end_init -ppowerup=CODE -pcinit=CODE \
  -pfunctab=ENTRY -k C:\Users\DELL\AppData\Local\Temp\s2es.o \
  dist/default/production\onewire.X.production.o 

Object code version is 3.11

Machine type is 16F887



                Name                               Link     Load   Length Selector   Space Scale
C:\Users\DELL\AppData\Local\Temp\s2es.o
                end_init                              0        0        3        0       0
                config                             2007     2007        2        0       4
dist/default/production\onewire.X.production.o
                cinit                               7EB      7EB       15      FD6       0
                config                             2007     2007        2        0       4
                text14                              570      570       5C      AE0       0
                text13                              3E9      3E9       2D      7D2       0
                text12                              5CC      5CC       93      B98       0
                text11                              416      416       36      82C       0
                text10                              4CC      4CC       49      998       0
                text9                               488      488       44      910       0
                text8                               44C      44C       3C      898       0
                text7                               39E      39E       25      73C       0
                text6                               37A      37A       24      6F4       0
                text5                               358      358       22      6B0       0
                text4                               3C3      3C3       26      786       0
                text3                               33B      33B       1D      676       0
                text2                               31F      31F       1C      63E       0
                text1                               515      515       5B      A2A       0
                maintext                            65F      65F      18C      CBE       0
                cstackBANK0                          2B       2B        9       20       1
                cstackCOMMON                         70       70        E       70       1
                inittext                            30C      30C       13      618       0
                dataBANK0                            20       20        B       20       1
                bssBANK0                             35       35        2       20       1
                bitbssBANK0                         1A0       34        2       20       1     8
                strings                               3        3       28        6       0
                idataBANK0                          301      301        B      602       0

TOTAL           Name                               Link     Load   Length     Space
        CLASS   STACK          

        CLASS   CODE           
                end_init                              0        0        3         0
                cinit                               7EB      7EB       15         0
                text14                              570      570       5C         0
                text13                              3E9      3E9       2D         0
                text12                              5CC      5CC       93         0
                text11                              416      416       36         0
                text10                              4CC      4CC       49         0
                text9                               488      488       44         0
                text8                               44C      44C       3C         0
                text7                               39E      39E       25         0
                text6                               37A      37A       24         0
                text5                               358      358       22         0
                text4                               3C3      3C3       26         0
                text3                               33B      33B       1D         0
                text2                               31F      31F       1C         0
                text1                               515      515       5B         0
                maintext                            65F      65F      18C         0
                inittext                            30C      30C       13         0
                idataBANK0                          301      301        B         0

        CLASS   STRCODE        

        CLASS   STRING         
                strings                               3        3       28         0

        CLASS   CONST          

        CLASS   ENTRY          

        CLASS   COMMON         
                cstackCOMMON                         70       70        E         1

        CLASS   BANK0          
                cstackBANK0                          2B       2B        9         1
                dataBANK0                            20       20        B         1
                bssBANK0                             35       35        2         1
                bitbssBANK0                         1A0       34        2         1

        CLASS   BANK1          

        CLASS   BANK2          

        CLASS   BANK3          

        CLASS   RAM            

        CLASS   ABS1           
                abs_s1                               7E       7E        2         1

        CLASS   SFR0           

        CLASS   SFR1           

        CLASS   SFR2           

        CLASS   SFR3           

        CLASS   CONFIG         
                config                             2007     2007        2         4

        CLASS   IDLOC          

        CLASS   EEDATA         



SEGMENTS        Name                           Load    Length   Top    Selector   Space  Class     Delta

                reset_vec                      000000  000003  000003         0       0  CODE        2
                strings                        000003  000028  00002B         6       0  STRING      2
                dataBANK0                      000020  000017  000037        20       1  BANK0       1
                cstackCOMMON                   000070  00000E  00007E        70       1  COMMON      1
                idataBANK0                     000301  00000B  00030C       602       0  CODE        2
                inittext                       00030C  000013  00031F       618       0  CODE        2
                text2                          00031F  00001C  00033B       63E       0  CODE        2
                text3                          00033B  00001D  000358       676       0  CODE        2
                text5                          000358  000022  00037A       6B0       0  CODE        2
                text6                          00037A  000024  00039E       6F4       0  CODE        2
                text7                          00039E  000025  0003C3       73C       0  CODE        2
                text4                          0003C3  000026  0003E9       786       0  CODE        2
                text13                         0003E9  00002D  000416       7D2       0  CODE        2
                text11                         000416  000036  00044C       82C       0  CODE        2
                text8                          00044C  00003C  000488       898       0  CODE        2
                text9                          000488  000044  0004CC       910       0  CODE        2
                text10                         0004CC  000049  000515       998       0  CODE        2
                text1                          000515  00005B  000570       A2A       0  CODE        2
                text14                         000570  00005C  0005CC       AE0       0  CODE        2
                text12                         0005CC  000093  00065F       B98       0  CODE        2
                maintext                       00065F  00018C  0007EB       CBE       0  CODE        2
                cinit                          0007EB  000015  000800       FD6       0  CODE        2


UNUSED ADDRESS RANGES

        Name                Unused          Largest block    Delta
        BANK0            0037-006F             39           1
        BANK1            00A0-00EF             50           1
        BANK2            0110-016F             60           1
        BANK3            0190-01EF             60           1
        CODE             002B-0300            2D6           2
                         0800-1FFF            800
        CONST            002B-0300            100           2
                         0800-1FFF            100
        EEDATA           2100-21FF            100           2
        ENTRY            002B-0300            100           2
                         0800-1FFF            100
        IDLOC            2000-2003              4           2
        RAM              0037-006F             39           1
                         00A0-00EF             50
                         0110-016F             60
                         0190-01EF             60
        SFR0             0000-001F             20           1
        SFR1             0080-009F             20           1
        SFR2             0100-010F             10           1
        SFR3             0180-018F             10           1
        STACK            0110-016F             60           1
        STRCODE          002B-0300            2D6           2
                         0800-1FFF           1800
        STRING           002B-0300            100           2
                         0800-1FFF            100

                                  Symbol Table

?___lwdiv                    cstackCOMMON 0076
?___lwmod                    cstackBANK0  002B
?___wmul                     cstackCOMMON 0070
LCD_cmd@Command              cstackCOMMON 0074
LCD_goTo@col                 cstackCOMMON 0078
LCD_goTo@row                 cstackCOMMON 0075
LCD_print@LCD_Str            cstackCOMMON 0072
LCD_print@i                  cstackCOMMON 0075
LCD_writeNibble@n            cstackCOMMON 0071
_ANSELH                      (abs)        0189
_LCD_begin                   text12       05CC
_LCD_cmd                     text13       03E9
_LCD_goTo                    text11       0416
_LCD_print                   text10       04CC
_LCD_writeNibble             text14       0570
_RB1                         (abs)        0031
_RD0                         (abs)        0040
_RD1                         (abs)        0041
_RD2                         (abs)        0042
_RD3                         (abs)        0043
_RD4                         (abs)        0044
_RD5                         (abs)        0045
_RS                          bitbssBANK0  01A1
_TRISB1                      (abs)        0431
_TRISD0                      (abs)        0440
_TRISD1                      (abs)        0441
_TRISD2                      (abs)        0442
_TRISD3                      (abs)        0443
_TRISD4                      (abs)        0444
_TRISD5                      (abs)        0445
__Habs1                      abs1         0000
__Hbank0                     bank0        0000
__Hbank1                     bank1        0000
__Hbank2                     bank2        0000
__Hbank3                     bank3        0000
__HbitbssBANK0               bitbssBANK0  0000
__HbssBANK0                  bssBANK0     0000
__Hcinit                     cinit        0800
__Hclrtext                   clrtext      0000
__Hcode                      code         0000
__Hcommon                    common       0000
__Hconfig                    config       2009
__HcstackBANK0               cstackBANK0  0000
__HcstackCOMMON              cstackCOMMON 0000
__HdataBANK0                 dataBANK0    0000
__Heeprom_data               eeprom_data  0000
__Hend_init                  end_init     0003
__Hfunctab                   functab      0000
__HidataBANK0                idataBANK0   0000
__Hinit                      init         0000
__Hinittext                  inittext     0000
__Hintentry                  intentry     0000
__Hmaintext                  maintext     0000
__Hpowerup                   powerup      0000
__Hram                       ram          0000
__Hreset_vec                 reset_vec    0000
__Hsfr0                      sfr0         0000
__Hsfr1                      sfr1         0000
__Hsfr2                      sfr2         0000
__Hsfr3                      sfr3         0000
__Hspace_0                   (abs)        0800
__Hspace_1                   (abs)        01A2
__Hspace_2                   (abs)        0000
__Hspace_3                   (abs)        0000
__Hspace_4                   (abs)        4010
__Hstack                     stack        0000
__Hstrings                   strings      0000
__Htext                      text         0000
__Labs1                      abs1         0000
__Lbank0                     bank0        0000
__Lbank1                     bank1        0000
__Lbank2                     bank2        0000
__Lbank3                     bank3        0000
__LbitbssBANK0               bitbssBANK0  0000
__LbssBANK0                  bssBANK0     0000
__Lcinit                     cinit        07EB
__Lclrtext                   clrtext      0000
__Lcode                      code         0000
__Lcommon                    common       0000
__Lconfig                    config       0000
__LcstackBANK0               cstackBANK0  0000
__LcstackCOMMON              cstackCOMMON 0000
__LdataBANK0                 dataBANK0    0000
__Leeprom_data               eeprom_data  0000
__Lend_init                  end_init     0000
__Lfunctab                   functab      0000
__LidataBANK0                idataBANK0   0000
__Linit                      init         0000
__Linittext                  inittext     0000
__Lintentry                  intentry     0000
__Lmaintext                  maintext     0000
__Lpowerup                   powerup      0000
__Lram                       ram          0000
__Lreset_vec                 reset_vec    0000
__Lsfr0                      sfr0         0000
__Lsfr1                      sfr1         0000
__Lsfr2                      sfr2         0000
__Lsfr3                      sfr3         0000
__Lspace_0                   (abs)        0000
__Lspace_1                   (abs)        0000
__Lspace_2                   (abs)        0000
__Lspace_3                   (abs)        0000
__Lspace_4                   (abs)        0000
__Lstack                     stack        0000
__Lstrings                   strings      0000
__Ltext                      text         0000
__S0                         (abs)        0800
__S1                         (abs)        007E
__S2                         (abs)        0000
__S3                         (abs)        0000
___int_sp                    stack        0000
___latbits                   (abs)        0002
___lwdiv                     text9        0488
___lwdiv@counter             cstackCOMMON 007D
___lwdiv@dividend            cstackCOMMON 0078
___lwdiv@divisor             cstackCOMMON 0076
___lwdiv@quotient            cstackCOMMON 007B
___lwmod                     text8        044C
___lwmod@counter             cstackBANK0  0030
___lwmod@dividend            cstackBANK0  002D
___lwmod@divisor             cstackBANK0  002B
___sp                        stack        0000
___stackhi                   (abs)        0000
___stacklo                   (abs)        0000
___wmul                      text7        039E
___wmul@multiplicand         cstackCOMMON 0072
___wmul@multiplier           cstackCOMMON 0070
___wmul@product              cstackCOMMON 0074
__end_of_LCD_begin           text12       065F
__end_of_LCD_cmd             text13       0416
__end_of_LCD_goTo            text11       044C
__end_of_LCD_print           text10       0515
__end_of_LCD_writeNibble     text14       05CC
__end_of___lwdiv             text9        04CC
__end_of___lwmod             text8        0488
__end_of___wmul              text7        03C3
__end_of__initialization     cinit        07FC
__end_of__stringtab          strings      0013
__end_of_ds18b20_read        text1        0570
__end_of_ds18b20_read_bit    text6        039E
__end_of_ds18b20_read_byte   text5        037A
__end_of_ds18b20_start       text4        03E9
__end_of_ds18b20_write_bit   text3        0358
__end_of_ds18b20_write_byte  text2        033B
__end_of_main                maintext     07EB
__initialization             cinit        07EB
__pbitbssBANK0               bitbssBANK0  01A0
__pbssBANK0                  bssBANK0     0035
__pcstackBANK0               cstackBANK0  002B
__pcstackCOMMON              cstackCOMMON 0070
__pdataBANK0                 dataBANK0    0020
__pidataBANK0                idataBANK0   0301
__pmaintext                  maintext     065F
__pstrings                   strings      0003
__ptext1                     text1        0515
__ptext10                    text10       04CC
__ptext11                    text11       0416
__ptext12                    text12       05CC
__ptext13                    text13       03E9
__ptext14                    text14       0570
__ptext2                     text2        031F
__ptext3                     text3        033B
__ptext4                     text4        03C3
__ptext5                     text5        0358
__ptext6                     text6        037A
__ptext7                     text7        039E
__ptext8                     text8        044C
__ptext9                     text9        0488
__size_of_LCD_begin          (abs)        0000
__size_of_LCD_cmd            (abs)        0000
__size_of_LCD_goTo           (abs)        0000
__size_of_LCD_print          (abs)        0000
__size_of_LCD_writeNibble    (abs)        0000
__size_of___lwdiv            (abs)        0000
__size_of___lwmod            (abs)        0000
__size_of___wmul             (abs)        0000
__size_of_ds18b20_read       (abs)        0000
__size_of_ds18b20_read_bit   (abs)        0000
__size_of_ds18b20_read_byte  (abs)        0000
__size_of_ds18b20_start      (abs)        0000
__size_of_ds18b20_write_bit  (abs)        0000
__size_of_ds18b20_write_byte (abs)        0000
__size_of_main               (abs)        0000
__stringbase                 strings      0012
__stringtab                  strings      0003
_ds18b20_read                text1        0515
_ds18b20_read_bit            text6        037A
_ds18b20_read_byte           text5        0358
_ds18b20_start               text4        03C3
_ds18b20_write_bit           text3        033B
_ds18b20_write_byte          text2        031F
_main                        maintext     065F
_raw_temp                    bssBANK0     0035
_temp                        dataBANK0    0020
btemp                        (abs)        007E
ds18b20_read@raw_temp_value  cstackCOMMON 0077
ds18b20_read_bit@value       bitbssBANK0  01A0
ds18b20_read_byte@i          cstackCOMMON 0074
ds18b20_read_byte@value      cstackCOMMON 0073
ds18b20_write_bit@value      cstackCOMMON 0071
ds18b20_write_byte@i         cstackCOMMON 0074
ds18b20_write_byte@value     cstackCOMMON 0073
end_of_initialization        cinit        07FC
init_fetch0                  inittext     030C
init_ram0                    inittext     0310
intlevel0                    functab      0000
intlevel1                    functab      0000
intlevel2                    functab      0000
intlevel3                    functab      0000
intlevel4                    functab      0000
intlevel5                    functab      0000
reset_vec                    reset_vec    0000
start                        init         0000
start_initialization         cinit        07EB
wtemp0                       (abs)        007E


FUNCTION INFORMATION:

 *************** function _main *****************
 Defined at:
		line 33 in file "main.c"
 Parameters:    Size  Location     Type
		None
 Auto vars:     Size  Location     Type
		None
 Return value:  Size  Location     Type
                  1    wreg      void 
 Registers used:
		wreg, fsr0l, fsr0h, status,2, status,0, btemp+1, pclath, cstack
 Tracked objects:
		On entry : 
		On exit  : 
		Unchanged: 
 Data sizes:     COMMON   BANK0   BANK1   BANK3   BANK2
      Params:         0       0       0       0       0
      Locals:         0       0       0       0       0
      Temps:          0       3       0       0       0
      Totals:         0       3       0       0       0
Total ram usage:        3 bytes
 Hardware stack levels required when called:    3
 This function calls:
		_LCD_begin
		_LCD_goTo
		_LCD_print
		___lwdiv
		___lwmod
		___wmul
		_ds18b20_read
 This function is called by:
		Startup code after reset
 This function uses a non-reentrant model


 *************** function _ds18b20_read *****************
 Defined at:
		line 75 in file "PIC_18DSB20.c"
 Parameters:    Size  Location     Type
  raw_temp_val    1    wreg     PTR unsigned int 
		 -> raw_temp(2), 
 Auto vars:     Size  Location     Type
  raw_temp_val    1    7[COMMON] PTR unsigned int 
		 -> raw_temp(2), 
 Return value:  Size  Location     Type
		None               void
 Registers used:
		wreg, fsr0l, fsr0h, status,2, status,0, btemp+1, pclath, cstack
 Tracked objects:
		On entry : 
		On exit  : 
		Unchanged: 
 Data sizes:     COMMON   BANK0   BANK1   BANK3   BANK2
      Params:         0       0       0       0       0
      Locals:         1       0       0       0       0
      Temps:          2       0       0       0       0
      Totals:         3       0       0       0       0
Total ram usage:        3 bytes
 Hardware stack levels used:    1
 Hardware stack levels required when called:    2
 This function calls:
		_ds18b20_read_byte
		_ds18b20_start
		_ds18b20_write_byte
 This function is called by:
		_main
 This function uses a non-reentrant model


 *************** function _ds18b20_write_byte *****************
 Defined at:
		line 42 in file "PIC_18DSB20.c"
 Parameters:    Size  Location     Type
  value           1    wreg     unsigned char 
 Auto vars:     Size  Location     Type
  value           1    3[COMMON] unsigned char 
  i               1    4[COMMON] unsigned char 
 Return value:  Size  Location     Type
                  1    wreg      void 
 Registers used:
		wreg, status,2, status,0, pclath, cstack
 Tracked objects:
		On entry : 
		On exit  : 
		Unchanged: 
 Data sizes:     COMMON   BANK0   BANK1   BANK3   BANK2
      Params:         0       0       0       0       0
      Locals:         2       0       0       0       0
      Temps:          1       0       0       0       0
      Totals:         3       0       0       0       0
Total ram usage:        3 bytes
 Hardware stack levels used:    1
 Hardware stack levels required when called:    1
 This function calls:
		_ds18b20_write_bit
 This function is called by:
		_ds18b20_read
 This function uses a non-reentrant model


 *************** function _ds18b20_write_bit *****************
 Defined at:
		line 29 in file "PIC_18DSB20.c"
 Parameters:    Size  Location     Type
  value           1    wreg     unsigned char 
 Auto vars:     Size  Location     Type
  value           1    1[COMMON] unsigned char 
 Return value:  Size  Location     Type
                  1    wreg      void 
 Registers used:
		wreg
 Tracked objects:
		On entry : 
		On exit  : 
		Unchanged: 
 Data sizes:     COMMON   BANK0   BANK1   BANK3   BANK2
      Params:         0       0       0       0       0
      Locals:         1       0       0       0       0
      Temps:          1       0       0       0       0
      Totals:         2       0       0       0       0
Total ram usage:        2 bytes
 Hardware stack levels used:    1
 This function calls:
		Nothing
 This function is called by:
		_ds18b20_write_byte
 This function uses a non-reentrant model


 *************** function _ds18b20_start *****************
 Defined at:
		line 11 in file "PIC_18DSB20.c"
 Parameters:    Size  Location     Type
		None
 Auto vars:     Size  Location     Type
		None
 Return value:  Size  Location     Type
		None               void
 Registers used:
		wreg, status,2, status,0
 Tracked objects:
		On entry : 
		On exit  : 
		Unchanged: 
 Data sizes:     COMMON   BANK0   BANK1   BANK3   BANK2
      Params:         0       0       0       0       0
      Locals:         0       0       0       0       0
      Temps:          1       0       0       0       0
      Totals:         1       0       0       0       0
Total ram usage:        1 bytes
 Hardware stack levels used:    1
 This function calls:
		Nothing
 This function is called by:
		_ds18b20_read
 This function uses a non-reentrant model


 *************** function _ds18b20_read_byte *****************
 Defined at:
		line 65 in file "PIC_18DSB20.c"
 Parameters:    Size  Location     Type
		None
 Auto vars:     Size  Location     Type
  i               1    4[COMMON] unsigned char 
  value           1    3[COMMON] unsigned char 
 Return value:  Size  Location     Type
                  1    wreg      unsigned char 
 Registers used:
		wreg, status,2, status,0, pclath, cstack
 Tracked objects:
		On entry : 
		On exit  : 
		Unchanged: 
 Data sizes:     COMMON   BANK0   BANK1   BANK3   BANK2
      Params:         0       0       0       0       0
      Locals:         2       0       0       0       0
      Temps:          2       0       0       0       0
      Totals:         4       0       0       0       0
Total ram usage:        4 bytes
 Hardware stack levels used:    1
 Hardware stack levels required when called:    1
 This function calls:
		_ds18b20_read_bit
 This function is called by:
		_ds18b20_read
 This function uses a non-reentrant model


 *************** function _ds18b20_read_bit *****************
 Defined at:
		line 48 in file "PIC_18DSB20.c"
 Parameters:    Size  Location     Type
		None
 Auto vars:     Size  Location     Type
		None
 Return value:  Size  Location     Type
		None               void
 Registers used:
		wreg, status,2, status,0
 Tracked objects:
		On entry : 
		On exit  : 
		Unchanged: 
 Data sizes:     COMMON   BANK0   BANK1   BANK3   BANK2
      Params:         0       0       0       0       0
      Locals:         0       0       0       0       0
      Temps:          1       0       0       0       0
      Totals:         1       0       0       0       0
Total ram usage:        1 bytes
 Hardware stack levels used:    1
 This function calls:
		Nothing
 This function is called by:
		_ds18b20_read_byte
 This function uses a non-reentrant model


 *************** function ___wmul *****************
 Defined at:
		line 15 in file "C:\Program Files\Microchip\xc8\v2.31\pic\sources\c90\common\Umul16.c"
 Parameters:    Size  Location     Type
  multiplier      2    0[COMMON] unsigned int 
  multiplicand    2    2[COMMON] unsigned int 
 Auto vars:     Size  Location     Type
  product         2    4[COMMON] unsigned int 
 Return value:  Size  Location     Type
                  2    0[COMMON] unsigned int 
 Registers used:
		wreg, status,2, status,0
 Tracked objects:
		On entry : 
		On exit  : 
		Unchanged: 
 Data sizes:     COMMON   BANK0   BANK1   BANK3   BANK2
      Params:         4       0       0       0       0
      Locals:         2       0       0       0       0
      Temps:          0       0       0       0       0
      Totals:         6       0       0       0       0
Total ram usage:        6 bytes
 Hardware stack levels used:    1
 This function calls:
		Nothing
 This function is called by:
		_main
 This function uses a non-reentrant model


 *************** function ___lwmod *****************
 Defined at:
		line 5 in file "C:\Program Files\Microchip\xc8\v2.31\pic\sources\c90\common\lwmod.c"
 Parameters:    Size  Location     Type
  divisor         2    0[BANK0 ] unsigned int 
  dividend        2    2[BANK0 ] unsigned int 
 Auto vars:     Size  Location     Type
  counter         1    5[BANK0 ] unsigned char 
 Return value:  Size  Location     Type
                  2    0[BANK0 ] unsigned int 
 Registers used:
		wreg, status,2, status,0
 Tracked objects:
		On entry : 
		On exit  : 
		Unchanged: 
 Data sizes:     COMMON   BANK0   BANK1   BANK3   BANK2
      Params:         0       4       0       0       0
      Locals:         0       1       0       0       0
      Temps:          0       1       0       0       0
      Totals:         0       6       0       0       0
Total ram usage:        6 bytes
 Hardware stack levels used:    1
 This function calls:
		Nothing
 This function is called by:
		_main
 This function uses a non-reentrant model


 *************** function ___lwdiv *****************
 Defined at:
		line 5 in file "C:\Program Files\Microchip\xc8\v2.31\pic\sources\c90\common\lwdiv.c"
 Parameters:    Size  Location     Type
  divisor         2    6[COMMON] unsigned int 
  dividend        2    8[COMMON] unsigned int 
 Auto vars:     Size  Location     Type
  quotient        2   11[COMMON] unsigned int 
  counter         1   13[COMMON] unsigned char 
 Return value:  Size  Location     Type
                  2    6[COMMON] unsigned int 
 Registers used:
		wreg, status,2, status,0
 Tracked objects:
		On entry : 
		On exit  : 
		Unchanged: 
 Data sizes:     COMMON   BANK0   BANK1   BANK3   BANK2
      Params:         4       0       0       0       0
      Locals:         3       0       0       0       0
      Temps:          1       0       0       0       0
      Totals:         8       0       0       0       0
Total ram usage:        8 bytes
 Hardware stack levels used:    1
 This function calls:
		Nothing
 This function is called by:
		_main
 This function uses a non-reentrant model


 *************** function _LCD_print *****************
 Defined at:
		line 62 in file "lcd.c"
 Parameters:    Size  Location     Type
  LCD_Str         2    2[COMMON] PTR unsigned char 
		 -> STR_2(11), temp(11), STR_1(13), 
 Auto vars:     Size  Location     Type
  i               1    5[COMMON] unsigned char 
 Return value:  Size  Location     Type
                  1    wreg      void 
 Registers used:
		wreg, fsr0l, fsr0h, status,2, status,0, btemp+1, pclath, cstack
 Tracked objects:
		On entry : 
		On exit  : 
		Unchanged: 
 Data sizes:     COMMON   BANK0   BANK1   BANK3   BANK2
      Params:         2       0       0       0       0
      Locals:         1       0       0       0       0
      Temps:          1       0       0       0       0
      Totals:         4       0       0       0       0
Total ram usage:        4 bytes
 Hardware stack levels used:    1
 Hardware stack levels required when called:    1
 This function calls:
		_LCD_writeNibble
 This function is called by:
		_main
 This function uses a non-reentrant model


 *************** function _LCD_goTo *****************
 Defined at:
		line 36 in file "lcd.c"
 Parameters:    Size  Location     Type
  col             1    wreg     unsigned char 
  row             1    5[COMMON] unsigned char 
 Auto vars:     Size  Location     Type
  col             1    8[COMMON] unsigned char 
 Return value:  Size  Location     Type
                  1    wreg      void 
 Registers used:
		wreg, fsr0l, fsr0h, status,2, status,0, pclath, cstack
 Tracked objects:
		On entry : 
		On exit  : 
		Unchanged: 
 Data sizes:     COMMON   BANK0   BANK1   BANK3   BANK2
      Params:         1       0       0       0       0
      Locals:         1       0       0       0       0
      Temps:          2       0       0       0       0
      Totals:         4       0       0       0       0
Total ram usage:        4 bytes
 Hardware stack levels used:    1
 Hardware stack levels required when called:    2
 This function calls:
		_LCD_cmd
 This function is called by:
		_main
 This function uses a non-reentrant model


 *************** function _LCD_begin *****************
 Defined at:
		line 73 in file "lcd.c"
 Parameters:    Size  Location     Type
		None
 Auto vars:     Size  Location     Type
		None
 Return value:  Size  Location     Type
                  1    wreg      void 
 Registers used:
		wreg, status,2, status,0, pclath, cstack
 Tracked objects:
		On entry : 
		On exit  : 
		Unchanged: 
 Data sizes:     COMMON   BANK0   BANK1   BANK3   BANK2
      Params:         0       0       0       0       0
      Locals:         0       0       0       0       0
      Temps:          2       0       0       0       0
      Totals:         2       0       0       0       0
Total ram usage:        2 bytes
 Hardware stack levels used:    1
 Hardware stack levels required when called:    2
 This function calls:
		_LCD_cmd
 This function is called by:
		_main
 This function uses a non-reentrant model


 *************** function _LCD_cmd *****************
 Defined at:
		line 27 in file "lcd.c"
 Parameters:    Size  Location     Type
  Command         1    wreg     unsigned char 
 Auto vars:     Size  Location     Type
  Command         1    4[COMMON] unsigned char 
 Return value:  Size  Location     Type
                  1    wreg      void 
 Registers used:
		wreg, status,2, status,0, pclath, cstack
 Tracked objects:
		On entry : 
		On exit  : 
		Unchanged: 
 Data sizes:     COMMON   BANK0   BANK1   BANK3   BANK2
      Params:         0       0       0       0       0
      Locals:         1       0       0       0       0
      Temps:          2       0       0       0       0
      Totals:         3       0       0       0       0
Total ram usage:        3 bytes
 Hardware stack levels used:    1
 Hardware stack levels required when called:    1
 This function calls:
		_LCD_writeNibble
 This function is called by:
		_LCD_goTo
		_LCD_begin
 This function uses a non-reentrant model


 *************** function _LCD_writeNibble *****************
 Defined at:
		line 10 in file "lcd.c"
 Parameters:    Size  Location     Type
  n               1    wreg     unsigned char 
 Auto vars:     Size  Location     Type
  n               1    1[COMMON] unsigned char 
 Return value:  Size  Location     Type
                  1    wreg      void 
 Registers used:
		wreg, status,2, status,0
 Tracked objects:
		On entry : 
		On exit  : 
		Unchanged: 
 Data sizes:     COMMON   BANK0   BANK1   BANK3   BANK2
      Params:         0       0       0       0       0
      Locals:         1       0       0       0       0
      Temps:          1       0       0       0       0
      Totals:         2       0       0       0       0
Total ram usage:        2 bytes
 Hardware stack levels used:    1
 This function calls:
		Nothing
 This function is called by:
		_LCD_cmd
		_LCD_print
		_LCD_putChar
 This function uses a non-reentrant model



MODULE INFORMATION

Module		Function		Class		Link	Load	Size
PIC_18DSB20.c
		_ds18b20_write_byte		CODE           	031F	0000	28
		_ds18b20_read  		CODE           	0515	0000	91
		_ds18b20_start 		CODE           	03C3	0000	38
		_ds18b20_read_bit		CODE           	037A	0000	36
		_ds18b20_read_byte		CODE           	0358	0000	34
		_ds18b20_write_bit		CODE           	033B	0000	29

PIC_18DSB20.c estimated size: 256

C:\Program Files\Microchip\xc8\v2.31\pic\sources\c90\common\lwmod.c
		___lwmod       		CODE           	044C	0000	60

C:\Program Files\Microchip\xc8\v2.31\pic\sources\c90\common\lwmod.c estimated size: 60

C:\Program Files\Microchip\xc8\v2.31\pic\sources\c90\common\Umul16.c
		___wmul        		CODE           	039E	0000	37

C:\Program Files\Microchip\xc8\v2.31\pic\sources\c90\common\Umul16.c estimated size: 37

C:\Program Files\Microchip\xc8\v2.31\pic\sources\c90\common\lwdiv.c
		___lwdiv       		CODE           	0488	0000	68

C:\Program Files\Microchip\xc8\v2.31\pic\sources\c90\common\lwdiv.c estimated size: 68

shared
		__stringtab    		STRING         	0003	0000	16
		__initialization		CODE           	07EB	0000	17

shared estimated size: 33

lcd.c
		_LCD_goTo      		CODE           	0416	0000	54
		_LCD_print     		CODE           	04CC	0000	73
		_LCD_cmd       		CODE           	03E9	0000	45
		_LCD_writeNibble		CODE           	0570	0000	92
		_LCD_begin     		CODE           	05CC	0000	147

lcd.c estimated size: 411

main.c
		_main          		CODE           	065F	0000	396

main.c estimated size: 396

