Microchip MPLAB XC8 Compiler V2.31

Linker command line:

-W-3 --edf=C:\Program Files\Microchip\xc8\v2.31\pic\dat\en_msgs.txt -cn \
  -h+dist/default/production\timer.X.production.sym \
  --cmf=dist/default/production\timer.X.production.cmf -z -Q16F887 \
  -oC:\Users\DELL\AppData\Local\Temp\sdkc.2 --defsym=__MPLAB_BUILD=1 \
  -Mdist/default/production/timer.X.production.map -E1 -ver=XC8 Compiler \
  --acfsm=1493 -ASTACK=0110h-016Fh -pstack=STACK -ACODE=00h-07FFhx4 \
  -ASTRCODE=00h-01FFFh -ASTRING=00h-0FFhx32 -ACONST=00h-0FFhx32 \
  -AENTRY=00h-0FFhx32 -ACOMMON=070h-07Fh -ABANK0=020h-06Fh \
  -ABANK1=0A0h-0EFh -ABANK2=0110h-016Fh -ABANK3=0190h-01EFh \
  -ARAM=020h-06Fh,0A0h-0EFh,0110h-016Fh,0190h-01EFh \
  -AABS1=020h-07Fh,0A0h-0EFh,0110h-016Fh,0190h-01EFh -ASFR0=00h-01Fh \
  -ASFR1=080h-09Fh -ASFR2=0100h-010Fh -ASFR3=0180h-018Fh \
  -ACONFIG=02007h-02008h -DCONFIG=2 -AIDLOC=02000h-02003h -DIDLOC=2 \
  -AEEDATA=00h-0FFh/02100h -peeprom_data=EEDATA -DEEDATA=2 -DCODE=2 \
  -DSTRCODE=2 -DSTRING=2 -DCONST=2 -DENTRY=2 \
  -preset_vec=00h,intentry,init,end_init -ppowerup=CODE -pcinit=CODE \
  -pfunctab=ENTRY -k C:\Users\DELL\AppData\Local\Temp\sdkc.o \
  dist/default/production\timer.X.production.o 

Object code version is 3.11

Machine type is 16F887



                Name                               Link     Load   Length Selector   Space Scale
C:\Users\DELL\AppData\Local\Temp\sdkc.o
                end_init                              0        0        3        0       0
                config                             2007     2007        2        0       4
dist/default/production\timer.X.production.o
                cinit                               7F6      7F6        A      FEC       0
                config                             2007     2007        2        0       4
                text11                              184      184       A2      308       0
                text10                              226      226       AA      44C       0
                text9                                37       37       67       6E       0
                text8                               FA7      FA7       59     1F4E       0
                text7                                10       10       27       20       0
                text6                               495      495      361      92A       0
                text5                               108      108       7C      210       0
                text4                               38A      38A      10B      714       0
                text3                                 3        3        D        0       0
                text2                                9E       9E       6A      13C       0
                text1                               2D0      2D0       BA      5A0       0
                maintext                            F5C      F5C       4B     1EB8       0
                cstackBANK0                          20       20       32       20       1
                cstackCOMMON                         70       70        E       70       1
                bssBANK0                             52       52        4       20       1
                nvBANK0                              56       56        2       20       1
                strings                             800      800       1A     1000       0

TOTAL           Name                               Link     Load   Length     Space
        CLASS   STACK          

        CLASS   CODE           
                end_init                              0        0        3         0
                cinit                               7F6      7F6        A         0
                text11                              184      184       A2         0
                text10                              226      226       AA         0
                text9                                37       37       67         0
                text8                               FA7      FA7       59         0
                text7                                10       10       27         0
                text6                               495      495      361         0
                text5                               108      108       7C         0
                text4                               38A      38A      10B         0
                text3                                 3        3        D         0
                text2                                9E       9E       6A         0
                text1                               2D0      2D0       BA         0
                maintext                            F5C      F5C       4B         0

        CLASS   STRCODE        

        CLASS   STRING         
                strings                             800      800       1A         0

        CLASS   CONST          

        CLASS   ENTRY          

        CLASS   COMMON         
                cstackCOMMON                         70       70        E         1

        CLASS   BANK0          
                cstackBANK0                          20       20       32         1
                bssBANK0                             52       52        4         1
                nvBANK0                              56       56        2         1

        CLASS   BANK1          

        CLASS   BANK2          

        CLASS   BANK3          

        CLASS   RAM            

        CLASS   ABS1           
                abs_s1                               7E       7E        2         1

        CLASS   SFR0           

        CLASS   SFR1           

        CLASS   SFR2           

        CLASS   SFR3           

        CLASS   CONFIG         
                config                             2007     2007        2         4

        CLASS   IDLOC          

        CLASS   EEDATA         



SEGMENTS        Name                           Load    Length   Top    Selector   Space  Class     Delta

                reset_vec                      000000  000010  000010         0       0  CODE        2
                cstackBANK0                    000020  000038  000058        20       1  BANK0       1
                text7                          000010  000027  000037        20       0  CODE        2
                text9                          000037  000067  00009E        6E       0  CODE        2
                cstackCOMMON                   000070  00000E  00007E        70       1  COMMON      1
                text2                          00009E  00006A  000108       13C       0  CODE        2
                text5                          000108  00007C  000184       210       0  CODE        2
                text11                         000184  0000A2  000226       308       0  CODE        2
                text10                         000226  0000AA  0002D0       44C       0  CODE        2
                text1                          0002D0  0000BA  00038A       5A0       0  CODE        2
                text4                          00038A  00010B  000495       714       0  CODE        2
                text6                          000495  000361  0007F6       92A       0  CODE        2
                cinit                          0007F6  00000A  000800       FEC       0  CODE        2
                strings                        000800  00001A  00081A      1000       0  STRING      2
                maintext                       000F5C  00004B  000FA7      1EB8       0  CODE        2
                text8                          000FA7  000059  001000      1F4E       0  CODE        2


UNUSED ADDRESS RANGES

        Name                Unused          Largest block    Delta
        BANK0            0058-006F             18           1
        BANK1            00A0-00EF             50           1
        BANK2            0110-016F             60           1
        BANK3            0190-01EF             60           1
        CODE             081A-0F5B            742           2
                         1000-1FFF            800
        CONST            081A-0F5B            100           2
                         1000-1FFF            100
        EEDATA           2100-21FF            100           2
        ENTRY            081A-0F5B            100           2
                         1000-1FFF            100
        IDLOC            2000-2003              4           2
        RAM              0058-006F             18           1
                         00A0-00EF             50
                         0110-016F             60
                         0190-01EF             60
        SFR0             0000-001F             20           1
        SFR1             0080-009F             20           1
        SFR2             0100-010F             10           1
        SFR3             0180-018F             10           1
        STACK            0110-016F             60           1
        STRCODE          081A-0F5B            742           2
                         1000-1FFF           1000
        STRING           081A-0F5B            100           2
                         1000-1FFF            100

                                  Symbol Table

?__Umul8_16                     cstackCOMMON 0070
?___awdiv                       cstackCOMMON 0070
?___awmod                       cstackCOMMON 0070
?___flmul                       cstackBANK0  0020
?___fltol                       cstackBANK0  0035
?___xxtofl                      cstackCOMMON 0070
Led7_addFloatToBuffer@i         cstackBANK0  0047
Led7_addFloatToBuffer@newNum    cstackBANK0  0045
Led7_addFloatToBuffer@num       cstackBANK0  0040
Led7_addFloatToBuffer@p         cstackBANK0  0049
Led7_display@num                cstackBANK0  004A
Led7_displayUnit@number         cstackCOMMON 0070
Led7_pointIndex@num             cstackBANK0  0020
_ADCON1                         (abs)        009F
_LED7_HEX                       strings      0806
_Led7_addFloatToBuffer          text4        038A
_Led7_display                   text2        009E
_Led7_displayUnit               text3        0003
_Led7_pointIndex                text10       0226
_PORTB                          (abs)        0006
_RD0                            (abs)        0040
_RD1                            (abs)        0041
_RD2                            (abs)        0042
_RD3                            (abs)        0043
_T1CONbits                      (abs)        0010
_TMR1H                          (abs)        000F
_TMR1L                          (abs)        000E
_TRISB                          (abs)        0086
_TRISC0                         (abs)        0438
_TRISD                          (abs)        0088
__Habs1                         abs1         0000
__Hbank0                        bank0        0000
__Hbank1                        bank1        0000
__Hbank2                        bank2        0000
__Hbank3                        bank3        0000
__HbssBANK0                     bssBANK0     0000
__Hcinit                        cinit        0800
__Hclrtext                      clrtext      0000
__Hcode                         code         0000
__Hcommon                       common       0000
__Hconfig                       config       2009
__HcstackBANK0                  cstackBANK0  0000
__HcstackCOMMON                 cstackCOMMON 0000
__Heeprom_data                  eeprom_data  0000
__Hend_init                     end_init     0003
__Hfunctab                      functab      0000
__Hinit                         init         0000
__Hintentry                     intentry     0000
__Hmaintext                     maintext     0000
__HnvBANK0                      nvBANK0      0000
__Hpowerup                      powerup      0000
__Hram                          ram          0000
__Hreset_vec                    reset_vec    0000
__Hsfr0                         sfr0         0000
__Hsfr1                         sfr1         0000
__Hsfr2                         sfr2         0000
__Hsfr3                         sfr3         0000
__Hspace_0                      (abs)        1000
__Hspace_1                      (abs)        007E
__Hspace_2                      (abs)        0000
__Hspace_3                      (abs)        0000
__Hspace_4                      (abs)        4010
__Hstack                        stack        0000
__Hstrings                      strings      0000
__Htext                         text         0000
__Labs1                         abs1         0000
__Lbank0                        bank0        0000
__Lbank1                        bank1        0000
__Lbank2                        bank2        0000
__Lbank3                        bank3        0000
__LbssBANK0                     bssBANK0     0000
__Lcinit                        cinit        07F6
__Lclrtext                      clrtext      0000
__Lcode                         code         0000
__Lcommon                       common       0000
__Lconfig                       config       0000
__LcstackBANK0                  cstackBANK0  0000
__LcstackCOMMON                 cstackCOMMON 0000
__Leeprom_data                  eeprom_data  0000
__Lend_init                     end_init     0000
__Lfunctab                      functab      0000
__Linit                         init         0000
__Lintentry                     intentry     0000
__Lmaintext                     maintext     0000
__LnvBANK0                      nvBANK0      0000
__Lpowerup                      powerup      0000
__Lram                          ram          0000
__Lreset_vec                    reset_vec    0000
__Lsfr0                         sfr0         0000
__Lsfr1                         sfr1         0000
__Lsfr2                         sfr2         0000
__Lsfr3                         sfr3         0000
__Lspace_0                      (abs)        0000
__Lspace_1                      (abs)        0000
__Lspace_2                      (abs)        0000
__Lspace_3                      (abs)        0000
__Lspace_4                      (abs)        0000
__Lstack                        stack        0000
__Lstrings                      strings      0000
__Ltext                         text         0000
__S0                            (abs)        1000
__S1                            (abs)        007E
__S2                            (abs)        0000
__S3                            (abs)        0000
__Umul8_16                      text7        0010
__Umul8_16@multiplicand         cstackCOMMON 0070
__Umul8_16@multiplier           cstackCOMMON 0078
__Umul8_16@product              cstackCOMMON 0074
__Umul8_16@word_mpld            cstackCOMMON 0076
___awdiv                        text9        0037
___awdiv@counter                cstackCOMMON 0075
___awdiv@dividend               cstackCOMMON 0072
___awdiv@divisor                cstackCOMMON 0070
___awdiv@quotient               cstackCOMMON 0077
___awdiv@sign                   cstackCOMMON 0076
___awmod                        text8        0FA7
___awmod@counter                cstackCOMMON 0075
___awmod@dividend               cstackCOMMON 0072
___awmod@divisor                cstackCOMMON 0070
___awmod@sign                   cstackCOMMON 0076
___flge                         text11       0184
___flge@ff1                     cstackCOMMON 0070
___flge@ff2                     cstackCOMMON 0074
___flmul                        text6        0495
___flmul@a                      cstackBANK0  0024
___flmul@aexp                   cstackBANK0  002D
___flmul@b                      cstackBANK0  0020
___flmul@bexp                   cstackBANK0  002E
___flmul@grs                    cstackBANK0  0029
___flmul@prod                   cstackBANK0  002F
___flmul@sign                   cstackBANK0  0028
___flmul@temp                   cstackBANK0  0033
___fltol                        text5        0108
___fltol@exp1                   cstackBANK0  003F
___fltol@f1                     cstackBANK0  0035
___fltol@sign1                  cstackBANK0  003E
___int_sp                       stack        0000
___latbits                      (abs)        0002
___sp                           stack        0000
___stackhi                      (abs)        0000
___stacklo                      (abs)        0000
___xxtofl                       text1        02D0
___xxtofl@arg                   cstackCOMMON 007A
___xxtofl@exp                   cstackCOMMON 0079
___xxtofl@sign                  cstackCOMMON 0078
___xxtofl@val                   cstackCOMMON 0070
__end_of_LED7_HEX               strings      081A
__end_of_Led7_addFloatToBuffer  text4        0495
__end_of_Led7_display           text2        0108
__end_of_Led7_displayUnit       text3        0010
__end_of_Led7_pointIndex        text10       02D0
__end_of__Umul8_16              text7        0037
__end_of___awdiv                text9        009E
__end_of___awmod                text8        1000
__end_of___flge                 text11       0226
__end_of___flmul                text6        07F6
__end_of___fltol                text5        0184
__end_of___xxtofl               text1        038A
__end_of__initialization        cinit        07FC
__end_of__stringtab             strings      0806
__end_of_main                   maintext     0FA7
__initialization                cinit        07F6
__pbssBANK0                     bssBANK0     0052
__pcstackBANK0                  cstackBANK0  0020
__pcstackCOMMON                 cstackCOMMON 0070
__pmaintext                     maintext     0F5C
__pnvBANK0                      nvBANK0      0056
__pstrings                      strings      0800
__ptext1                        text1        02D0
__ptext10                       text10       0226
__ptext11                       text11       0184
__ptext2                        text2        009E
__ptext3                        text3        0003
__ptext4                        text4        038A
__ptext5                        text5        0108
__ptext6                        text6        0495
__ptext7                        text7        0010
__ptext8                        text8        0FA7
__ptext9                        text9        0037
__size_of_Led7_addFloatToBuffer (abs)        0000
__size_of_Led7_display          (abs)        0000
__size_of_Led7_displayUnit      (abs)        0000
__size_of_Led7_pointIndex       (abs)        0000
__size_of__Umul8_16             (abs)        0000
__size_of___awdiv               (abs)        0000
__size_of___awmod               (abs)        0000
__size_of___flge                (abs)        0000
__size_of___flmul               (abs)        0000
__size_of___fltol               (abs)        0000
__size_of___xxtofl              (abs)        0000
__size_of_main                  (abs)        0000
__stringbase                    strings      0805
__stringtab                     strings      0800
_buffer                         bssBANK0     0052
_cnt                            nvBANK0      0056
_main                           maintext     0F5C
btemp                           (abs)        007E
end_of_initialization           cinit        07FC
intlevel0                       functab      0000
intlevel1                       functab      0000
intlevel2                       functab      0000
intlevel3                       functab      0000
intlevel4                       functab      0000
intlevel5                       functab      0000
reset_vec                       reset_vec    0000
start                           init         0000
start_initialization            cinit        07F6
wtemp0                          (abs)        007E


FUNCTION INFORMATION:

 *************** function _main *****************
 Defined at:
		line 57 in file "timer.c"
 Parameters:    Size  Location     Type
		None
 Auto vars:     Size  Location     Type
		None
 Return value:  Size  Location     Type
                  1    wreg      void 
 Registers used:
		wreg, fsr0l, fsr0h, status,2, status,0, btemp+1, pclath, cstack
 Tracked objects:
		On entry : 
		On exit  : 
		Unchanged: 
 Data sizes:     COMMON   BANK0   BANK1   BANK3   BANK2
      Params:         0       0       0       0       0
      Locals:         0       0       0       0       0
      Temps:          0       2       0       0       0
      Totals:         0       2       0       0       0
Total ram usage:        2 bytes
 Hardware stack levels required when called:    4
 This function calls:
		_Led7_display
		___xxtofl
 This function is called by:
		Startup code after reset
 This function uses a non-reentrant model


 *************** function ___xxtofl *****************
 Defined at:
		line 10 in file "C:\Program Files\Microchip\xc8\v2.31\pic\sources\c90\common\xxtofl.c"
 Parameters:    Size  Location     Type
  sign            1    wreg     unsigned char 
  val             4    0[COMMON] long 
 Auto vars:     Size  Location     Type
  sign            1    8[COMMON] unsigned char 
  arg             4   10[COMMON] unsigned long 
  exp             1    9[COMMON] unsigned char 
 Return value:  Size  Location     Type
                  4    0[COMMON] unsigned char 
 Registers used:
		wreg, status,2, status,0
 Tracked objects:
		On entry : 
		On exit  : 
		Unchanged: 
 Data sizes:     COMMON   BANK0   BANK1   BANK3   BANK2
      Params:         4       0       0       0       0
      Locals:         6       0       0       0       0
      Temps:          4       0       0       0       0
      Totals:        14       0       0       0       0
Total ram usage:       14 bytes
 Hardware stack levels used:    1
 This function calls:
		Nothing
 This function is called by:
		_main
 This function uses a non-reentrant model


 *************** function _Led7_display *****************
 Defined at:
		line 44 in file "led7.c"
 Parameters:    Size  Location     Type
  num             4   42[BANK0 ] unsigned char 
 Auto vars:     Size  Location     Type
		None
 Return value:  Size  Location     Type
                  1    wreg      void 
 Registers used:
		wreg, fsr0l, fsr0h, status,2, status,0, btemp+1, pclath, cstack
 Tracked objects:
		On entry : 
		On exit  : 
		Unchanged: 
 Data sizes:     COMMON   BANK0   BANK1   BANK3   BANK2
      Params:         0       4       0       0       0
      Locals:         0       0       0       0       0
      Temps:          0       2       0       0       0
      Totals:         0       6       0       0       0
Total ram usage:        6 bytes
 Hardware stack levels used:    1
 Hardware stack levels required when called:    3
 This function calls:
		_Led7_addFloatToBuffer
		_Led7_displayUnit
 This function is called by:
		_main
 This function uses a non-reentrant model


 *************** function _Led7_displayUnit *****************
 Defined at:
		line 22 in file "led7.c"
 Parameters:    Size  Location     Type
  number          1    wreg     unsigned char 
 Auto vars:     Size  Location     Type
  number          1    0[COMMON] unsigned char 
 Return value:  Size  Location     Type
                  1    wreg      void 
 Registers used:
		wreg, fsr0l, fsr0h, status,2, status,0, pclath
 Tracked objects:
		On entry : 
		On exit  : 
		Unchanged: 
 Data sizes:     COMMON   BANK0   BANK1   BANK3   BANK2
      Params:         0       0       0       0       0
      Locals:         1       0       0       0       0
      Temps:          0       0       0       0       0
      Totals:         1       0       0       0       0
Total ram usage:        1 bytes
 Hardware stack levels used:    2
 This function calls:
		Nothing
 This function is called by:
		_Led7_display
 This function uses a non-reentrant model


 *************** function _Led7_addFloatToBuffer *****************
 Defined at:
		line 26 in file "led7.c"
 Parameters:    Size  Location     Type
  num             4   32[BANK0 ] void 
 Auto vars:     Size  Location     Type
  i               2   39[BANK0 ] int 
  newNum          2   37[BANK0 ] int 
  p               1   41[BANK0 ] unsigned char 
 Return value:  Size  Location     Type
                  1    wreg      void 
 Registers used:
		wreg, fsr0l, fsr0h, status,2, status,0, btemp+1, pclath, cstack
 Tracked objects:
		On entry : 
		On exit  : 
		Unchanged: 
 Data sizes:     COMMON   BANK0   BANK1   BANK3   BANK2
      Params:         0       4       0       0       0
      Locals:         0       5       0       0       0
      Temps:          0       1       0       0       0
      Totals:         0      10       0       0       0
Total ram usage:       10 bytes
 Hardware stack levels used:    1
 Hardware stack levels required when called:    2
 This function calls:
		_Led7_pointIndex
		___awdiv
		___awmod
		___flmul
		___fltol
 This function is called by:
		_Led7_display
 This function uses a non-reentrant model


 *************** function ___fltol *****************
 Defined at:
		line 43 in file "C:\Program Files\Microchip\xc8\v2.31\pic\sources\c90\common\fltol.c"
 Parameters:    Size  Location     Type
  f1              4   21[BANK0 ] void 
 Auto vars:     Size  Location     Type
  exp1            1   31[BANK0 ] unsigned char 
  sign1           1   30[BANK0 ] unsigned char 
 Return value:  Size  Location     Type
                  4   21[BANK0 ] long 
 Registers used:
		wreg, status,2, status,0
 Tracked objects:
		On entry : 
		On exit  : 
		Unchanged: 
 Data sizes:     COMMON   BANK0   BANK1   BANK3   BANK2
      Params:         0       4       0       0       0
      Locals:         0       2       0       0       0
      Temps:          0       5       0       0       0
      Totals:         0      11       0       0       0
Total ram usage:       11 bytes
 Hardware stack levels used:    1
 This function calls:
		Nothing
 This function is called by:
		_Led7_addFloatToBuffer
 This function uses a non-reentrant model


 *************** function ___flmul *****************
 Defined at:
		line 8 in file "C:\Program Files\Microchip\xc8\v2.31\pic\sources\c90\common\sprcmul.c"
 Parameters:    Size  Location     Type
  b               4    0[BANK0 ] long 
  a               4    4[BANK0 ] long 
 Auto vars:     Size  Location     Type
  prod            4   15[BANK0 ] struct .
  grs             4    9[BANK0 ] unsigned long 
  temp            2   19[BANK0 ] struct .
  bexp            1   14[BANK0 ] unsigned char 
  aexp            1   13[BANK0 ] unsigned char 
  sign            1    8[BANK0 ] unsigned char 
 Return value:  Size  Location     Type
                  4    0[BANK0 ] unsigned char 
 Registers used:
		wreg, status,2, status,0, btemp+1, pclath, cstack
 Tracked objects:
		On entry : 
		On exit  : 
		Unchanged: 
 Data sizes:     COMMON   BANK0   BANK1   BANK3   BANK2
      Params:         0       8       0       0       0
      Locals:         0      13       0       0       0
      Temps:          5       0       0       0       0
      Totals:         5      21       0       0       0
Total ram usage:       26 bytes
 Hardware stack levels used:    1
 Hardware stack levels required when called:    1
 This function calls:
		__Umul8_16
 This function is called by:
		_Led7_addFloatToBuffer
 This function uses a non-reentrant model


 *************** function __Umul8_16 *****************
 Defined at:
		line 4 in file "C:\Program Files\Microchip\xc8\v2.31\pic\sources\c90\common\Umul8_16.c"
 Parameters:    Size  Location     Type
  multiplier      1    wreg     unsigned char 
  multiplicand    1    0[COMMON] unsigned char 
 Auto vars:     Size  Location     Type
  multiplier      1    8[COMMON] unsigned char 
  word_mpld       2    6[COMMON] unsigned int 
  product         2    4[COMMON] unsigned int 
 Return value:  Size  Location     Type
                  2    0[COMMON] unsigned int 
 Registers used:
		wreg, status,2, status,0
 Tracked objects:
		On entry : 
		On exit  : 
		Unchanged: 
 Data sizes:     COMMON   BANK0   BANK1   BANK3   BANK2
      Params:         2       0       0       0       0
      Locals:         5       0       0       0       0
      Temps:          2       0       0       0       0
      Totals:         9       0       0       0       0
Total ram usage:        9 bytes
 Hardware stack levels used:    1
 This function calls:
		Nothing
 This function is called by:
		___flmul
 This function uses a non-reentrant model


 *************** function ___awmod *****************
 Defined at:
		line 5 in file "C:\Program Files\Microchip\xc8\v2.31\pic\sources\c90\common\awmod.c"
 Parameters:    Size  Location     Type
  divisor         2    0[COMMON] int 
  dividend        2    2[COMMON] int 
 Auto vars:     Size  Location     Type
  sign            1    6[COMMON] unsigned char 
  counter         1    5[COMMON] unsigned char 
 Return value:  Size  Location     Type
                  2    0[COMMON] int 
 Registers used:
		wreg, status,2, status,0
 Tracked objects:
		On entry : 
		On exit  : 
		Unchanged: 
 Data sizes:     COMMON   BANK0   BANK1   BANK3   BANK2
      Params:         4       0       0       0       0
      Locals:         2       0       0       0       0
      Temps:          1       0       0       0       0
      Totals:         7       0       0       0       0
Total ram usage:        7 bytes
 Hardware stack levels used:    1
 This function calls:
		Nothing
 This function is called by:
		_Led7_addFloatToBuffer
 This function uses a non-reentrant model


 *************** function ___awdiv *****************
 Defined at:
		line 5 in file "C:\Program Files\Microchip\xc8\v2.31\pic\sources\c90\common\awdiv.c"
 Parameters:    Size  Location     Type
  divisor         2    0[COMMON] int 
  dividend        2    2[COMMON] int 
 Auto vars:     Size  Location     Type
  quotient        2    7[COMMON] int 
  sign            1    6[COMMON] unsigned char 
  counter         1    5[COMMON] unsigned char 
 Return value:  Size  Location     Type
                  2    0[COMMON] int 
 Registers used:
		wreg, status,2, status,0
 Tracked objects:
		On entry : 
		On exit  : 
		Unchanged: 
 Data sizes:     COMMON   BANK0   BANK1   BANK3   BANK2
      Params:         4       0       0       0       0
      Locals:         4       0       0       0       0
      Temps:          1       0       0       0       0
      Totals:         9       0       0       0       0
Total ram usage:        9 bytes
 Hardware stack levels used:    1
 This function calls:
		Nothing
 This function is called by:
		_Led7_addFloatToBuffer
 This function uses a non-reentrant model


 *************** function _Led7_pointIndex *****************
 Defined at:
		line 14 in file "led7.c"
 Parameters:    Size  Location     Type
  num             4    0[BANK0 ] int 
 Auto vars:     Size  Location     Type
		None
 Return value:  Size  Location     Type
                  1    wreg      unsigned char 
 Registers used:
		wreg, status,2, status,0, pclath, cstack
 Tracked objects:
		On entry : 
		On exit  : 
		Unchanged: 
 Data sizes:     COMMON   BANK0   BANK1   BANK3   BANK2
      Params:         0       4       0       0       0
      Locals:         0       0       0       0       0
      Temps:          0       0       0       0       0
      Totals:         0       4       0       0       0
Total ram usage:        4 bytes
 Hardware stack levels used:    1
 Hardware stack levels required when called:    1
 This function calls:
		___flge
 This function is called by:
		_Led7_addFloatToBuffer
 This function uses a non-reentrant model


 *************** function ___flge *****************
 Defined at:
		line 4 in file "C:\Program Files\Microchip\xc8\v2.31\pic\sources\c90\common\flge.c"
 Parameters:    Size  Location     Type
  ff1             4    0[COMMON] unsigned char 
  ff2             4    4[COMMON] unsigned char 
 Auto vars:     Size  Location     Type
		None
 Return value:  Size  Location     Type
		None               void
 Registers used:
		wreg, status,2, status,0
 Tracked objects:
		On entry : 
		On exit  : 
		Unchanged: 
 Data sizes:     COMMON   BANK0   BANK1   BANK3   BANK2
      Params:         8       0       0       0       0
      Locals:         0       0       0       0       0
      Temps:          4       0       0       0       0
      Totals:        12       0       0       0       0
Total ram usage:       12 bytes
 Hardware stack levels used:    1
 This function calls:
		Nothing
 This function is called by:
		_Led7_pointIndex
 This function uses a non-reentrant model



MODULE INFORMATION

Module		Function		Class		Link	Load	Size
C:\Program Files\Microchip\xc8\v2.31\pic\sources\c90\common\flge.c
		___flge        		CODE           	0184	0000	162

C:\Program Files\Microchip\xc8\v2.31\pic\sources\c90\common\flge.c estimated size: 162

C:\Program Files\Microchip\xc8\v2.31\pic\sources\c90\common\sprcmul.c
		___flmul       		CODE           	0495	0000	865

C:\Program Files\Microchip\xc8\v2.31\pic\sources\c90\common\sprcmul.c estimated size: 865

C:\Program Files\Microchip\xc8\v2.31\pic\sources\c90\common\Umul8_16.c
		__Umul8_16     		CODE           	0010	0000	39

C:\Program Files\Microchip\xc8\v2.31\pic\sources\c90\common\Umul8_16.c estimated size: 39

C:\Program Files\Microchip\xc8\v2.31\pic\sources\c90\common\awmod.c
		___awmod       		CODE           	0FA7	0000	89

C:\Program Files\Microchip\xc8\v2.31\pic\sources\c90\common\awmod.c estimated size: 89

timer.c
		_main          		CODE           	0F5C	0000	75

timer.c estimated size: 75

led7.c
		_Led7_display  		CODE           	009E	0000	106
		_Led7_displayUnit		CODE           	0003	0000	13
		_Led7_addFloatToBuffer		CODE           	038A	0000	267
		_Led7_pointIndex		CODE           	0226	0000	170

led7.c estimated size: 556

C:\Program Files\Microchip\xc8\v2.31\pic\sources\c90\common\awdiv.c
		___awdiv       		CODE           	0037	0000	103

C:\Program Files\Microchip\xc8\v2.31\pic\sources\c90\common\awdiv.c estimated size: 103

shared
		__stringtab    		STRING         	0800	0000	6
		__initialization		CODE           	07F6	0000	6
		_LED7_HEX      		STRING         	0806	0000	20

shared estimated size: 32

C:\Program Files\Microchip\xc8\v2.31\pic\sources\c90\common\fltol.c
		___fltol       		CODE           	0108	0000	124

C:\Program Files\Microchip\xc8\v2.31\pic\sources\c90\common\fltol.c estimated size: 124

C:\Program Files\Microchip\xc8\v2.31\pic\sources\c90\common\xxtofl.c
		___xxtofl      		CODE           	02D0	0000	186

C:\Program Files\Microchip\xc8\v2.31\pic\sources\c90\common\xxtofl.c estimated size: 186

