Microchip MPLAB XC8 Compiler V2.31

Linker command line:

-W-3 --edf=C:\Program Files\Microchip\xc8\v2.31\pic\dat\en_msgs.txt -cn \
  -h+dist/default/production\PWM.X.production.sym \
  --cmf=dist/default/production\PWM.X.production.cmf -z -Q16F887 \
  -oC:\Users\DELL\AppData\Local\Temp\s320.3 --defsym=__MPLAB_BUILD=1 \
  -Mdist/default/production/PWM.X.production.map -E1 -ver=XC8 Compiler \
  --acfsm=1493 -ASTACK=0110h-016Fh -pstack=STACK -ACODE=00h-07FFhx4 \
  -ASTRCODE=00h-01FFFh -ASTRING=00h-0FFhx32 -ACONST=00h-0FFhx32 \
  -AENTRY=00h-0FFhx32 -ACOMMON=070h-07Fh -ABANK0=020h-06Fh \
  -ABANK1=0A0h-0EFh -ABANK2=0110h-016Fh -ABANK3=0190h-01EFh \
  -ARAM=020h-06Fh,0A0h-0EFh,0110h-016Fh,0190h-01EFh \
  -AABS1=020h-07Fh,0A0h-0EFh,0110h-016Fh,0190h-01EFh -ASFR0=00h-01Fh \
  -ASFR1=080h-09Fh -ASFR2=0100h-010Fh -ASFR3=0180h-018Fh \
  -ACONFIG=02007h-02008h -DCONFIG=2 -AIDLOC=02000h-02003h -DIDLOC=2 \
  -AEEDATA=00h-0FFh/02100h -peeprom_data=EEDATA -DEEDATA=2 -DCODE=2 \
  -DSTRCODE=2 -DSTRING=2 -DCONST=2 -DENTRY=2 \
  -preset_vec=00h,intentry,init,end_init -ppowerup=CODE -pcinit=CODE \
  -pfunctab=ENTRY -k C:\Users\DELL\AppData\Local\Temp\s320.o \
  dist/default/production\PWM.X.production.o 

Object code version is 3.11

Machine type is 16F887



                Name                               Link     Load   Length Selector   Space Scale
C:\Users\DELL\AppData\Local\Temp\s320.o
                end_init                              0        0        3        0       0
                config                             2007     2007        2        0       4
dist/default/production\PWM.X.production.o
                cinit                               7E2      7E2       1E      FC4       0
                config                             2007     2007        2        0       4
                text10                                A        A        9       14       0
                text9                               12C      12C       BC      258       0
                text8                               F37      F37       5F     1E6E       0
                text7                                8F       8F       9D      11E       0
                text6                               EF6      EF6       41     1DEC       0
                text5                               2A4      2A4      1DD      548       0
                text4                               ECF      ECF       27     1D9E       0
                text3                               481      481      361      902       0
                text2                                13       13       7C       26       0
                text1                               1E8      1E8       BC      3D0       0
                maintext                            F96      F96       6A     1F2C       0
                cstackBANK0                          20       20       4F       20       1
                cstackCOMMON                         70       70        E       70       1
                cstackBANK1                          A0       A0        E       A0       1
                dataBANK1                            AE       AE        4       A0       1
                idataBANK1                            6        6        4        C       0

TOTAL           Name                               Link     Load   Length     Space
        CLASS   STACK          

        CLASS   CODE           
                end_init                              0        0        3         0
                cinit                               7E2      7E2       1E         0
                text10                                A        A        9         0
                text9                               12C      12C       BC         0
                text8                               F37      F37       5F         0
                text7                                8F       8F       9D         0
                text6                               EF6      EF6       41         0
                text5                               2A4      2A4      1DD         0
                text4                               ECF      ECF       27         0
                text3                               481      481      361         0
                text2                                13       13       7C         0
                text1                               1E8      1E8       BC         0
                maintext                            F96      F96       6A         0
                idataBANK1                            6        6        4         0

        CLASS   STRCODE        

        CLASS   STRING         

        CLASS   CONST          

        CLASS   ENTRY          

        CLASS   COMMON         
                cstackCOMMON                         70       70        E         1

        CLASS   BANK0          
                cstackBANK0                          20       20       4F         1

        CLASS   BANK1          
                cstackBANK1                          A0       A0        E         1
                dataBANK1                            AE       AE        4         1

        CLASS   BANK2          

        CLASS   BANK3          

        CLASS   RAM            

        CLASS   ABS1           
                abs_s1                               7E       7E        2         1

        CLASS   SFR0           

        CLASS   SFR1           

        CLASS   SFR2           

        CLASS   SFR3           

        CLASS   CONFIG         
                config                             2007     2007        2         4

        CLASS   IDLOC          

        CLASS   EEDATA         



SEGMENTS        Name                           Load    Length   Top    Selector   Space  Class     Delta

                reset_vec                      000000  000003  000003         0       0  CODE        2
                idataBANK1                     000006  000004  00000A         C       0  CODE        2
                text10                         00000A  000009  000013        14       0  CODE        2
                cstackBANK0                    000020  00004F  00006F        20       1  BANK0       1
                text2                          000013  00007C  00008F        26       0  CODE        2
                cstackCOMMON                   000070  00000E  00007E        70       1  COMMON      1
                cstackBANK1                    0000A0  000012  0000B2        A0       1  BANK1       1
                text7                          00008F  00009D  00012C       11E       0  CODE        2
                text9                          00012C  0000BC  0001E8       258       0  CODE        2
                text1                          0001E8  0000BC  0002A4       3D0       0  CODE        2
                text5                          0002A4  0001DD  000481       548       0  CODE        2
                text3                          000481  000361  0007E2       902       0  CODE        2
                cinit                          0007E2  00001E  000800       FC4       0  CODE        2
                text4                          000ECF  000027  000EF6      1D9E       0  CODE        2
                text6                          000EF6  000041  000F37      1DEC       0  CODE        2
                text8                          000F37  00005F  000F96      1E6E       0  CODE        2
                maintext                       000F96  00006A  001000      1F2C       0  CODE        2


UNUSED ADDRESS RANGES

        Name                Unused          Largest block    Delta
        BANK0            006F-006F              1           1
        BANK1            00B2-00EF             3E           1
        BANK2            0110-016F             60           1
        BANK3            0190-01EF             60           1
        CODE             0003-0005              3           2
                         0800-0ECE            6CF
                         1000-1FFF            800
        CONST            0003-0005              3           2
                         0800-0ECE            100
                         1000-1FFF            100
        EEDATA           2100-21FF            100           2
        ENTRY            0003-0005              3           2
                         0800-0ECE            100
                         1000-1FFF            100
        IDLOC            2000-2003              4           2
        RAM              006F-006F              1           1
                         00B2-00EF             3E
                         0110-016F             60
                         0190-01EF             60
        SFR0             0000-001F             20           1
        SFR1             0080-009F             20           1
        SFR2             0100-010F             10           1
        SFR3             0180-018F             10           1
        STACK            0110-016F             60           1
        STRCODE          0003-0005              3           2
                         0800-0ECE            6CF
                         1000-1FFF           1000
        STRING           0003-0005              3           2
                         0800-0ECE            100
                         1000-1FFF            100

                                  Symbol Table

?_ADC_readChannel         cstackBANK0  0030
?__Umul8_16               cstackCOMMON 0070
?___aldiv                 cstackCOMMON 0070
?___fldiv                 cstackBANK0  0030
?___flmul                 cstackBANK0  004A
?___fltol                 cstackBANK0  0064
?___xxtofl                cstackBANK0  0026
ADC_readChannel@channel   cstackCOMMON 007D
PWM_dutyCycle@duty        cstackBANK1  00A0
_ADCON0                   (abs)        001F
_ADCON1                   (abs)        009F
_ADC_Init                 text10       000A
_ADC_readChannel          text8        0F37
_ADRESH                   (abs)        001E
_ADRESL                   (abs)        009E
_CCP1M2                   (abs)        00BA
_CCP1M3                   (abs)        00BB
_CCP1X                    (abs)        00BD
_CCP1Y                    (abs)        00BC
_CCPR1L                   (abs)        0015
_GO_nDONE                 (abs)        00F9
_PR2                      (abs)        0092
_PWM1_Init                text6        0EF6
_PWM_dutyCycle            text1        01E8
_PWM_freq                 dataBANK1    00AE
_T2CKPS0                  (abs)        0090
_T2CKPS1                  (abs)        0091
_TMR2ON                   (abs)        0092
_TRISA                    (abs)        0085
_TRISC2                   (abs)        043A
__Habs1                   abs1         0000
__Hbank0                  bank0        0000
__Hbank1                  bank1        0000
__Hbank2                  bank2        0000
__Hbank3                  bank3        0000
__Hcinit                  cinit        0800
__Hclrtext                clrtext      0000
__Hcode                   code         0000
__Hcommon                 common       0000
__Hconfig                 config       2009
__HcstackBANK0            cstackBANK0  0000
__HcstackBANK1            cstackBANK1  0000
__HcstackCOMMON           cstackCOMMON 0000
__HdataBANK1              dataBANK1    0000
__Heeprom_data            eeprom_data  0000
__Hend_init               end_init     0003
__Hfunctab                functab      0000
__HidataBANK1             idataBANK1   0000
__Hinit                   init         0000
__Hintentry               intentry     0000
__Hmaintext               maintext     0000
__Hpowerup                powerup      0000
__Hram                    ram          0000
__Hreset_vec              reset_vec    0000
__Hsfr0                   sfr0         0000
__Hsfr1                   sfr1         0000
__Hsfr2                   sfr2         0000
__Hsfr3                   sfr3         0000
__Hspace_0                (abs)        1000
__Hspace_1                (abs)        00B2
__Hspace_2                (abs)        0000
__Hspace_3                (abs)        0000
__Hspace_4                (abs)        4010
__Hstack                  stack        0000
__Hstrings                strings      0000
__Htext                   text         0000
__Labs1                   abs1         0000
__Lbank0                  bank0        0000
__Lbank1                  bank1        0000
__Lbank2                  bank2        0000
__Lbank3                  bank3        0000
__Lcinit                  cinit        07E2
__Lclrtext                clrtext      0000
__Lcode                   code         0000
__Lcommon                 common       0000
__Lconfig                 config       0000
__LcstackBANK0            cstackBANK0  0000
__LcstackBANK1            cstackBANK1  0000
__LcstackCOMMON           cstackCOMMON 0000
__LdataBANK1              dataBANK1    0000
__Leeprom_data            eeprom_data  0000
__Lend_init               end_init     0000
__Lfunctab                functab      0000
__LidataBANK1             idataBANK1   0000
__Linit                   init         0000
__Lintentry               intentry     0000
__Lmaintext               maintext     0000
__Lpowerup                powerup      0000
__Lram                    ram          0000
__Lreset_vec              reset_vec    0000
__Lsfr0                   sfr0         0000
__Lsfr1                   sfr1         0000
__Lsfr2                   sfr2         0000
__Lsfr3                   sfr3         0000
__Lspace_0                (abs)        0000
__Lspace_1                (abs)        0000
__Lspace_2                (abs)        0000
__Lspace_3                (abs)        0000
__Lspace_4                (abs)        0000
__Lstack                  stack        0000
__Lstrings                strings      0000
__Ltext                   text         0000
__S0                      (abs)        1000
__S1                      (abs)        00B2
__S2                      (abs)        0000
__S3                      (abs)        0000
__Umul8_16                text4        0ECF
__Umul8_16@multiplicand   cstackCOMMON 0070
__Umul8_16@multiplier     cstackCOMMON 0078
__Umul8_16@product        cstackCOMMON 0074
__Umul8_16@word_mpld      cstackCOMMON 0076
___aldiv                  text7        008F
___aldiv@counter          cstackBANK0  0020
___aldiv@dividend         cstackCOMMON 0074
___aldiv@divisor          cstackCOMMON 0070
___aldiv@quotient         cstackBANK0  0022
___aldiv@sign             cstackBANK0  0021
___fldiv                  text5        02A4
___fldiv@a                cstackBANK0  0030
___fldiv@aexp             cstackBANK0  0049
___fldiv@b                cstackBANK0  0034
___fldiv@bexp             cstackBANK0  0048
___fldiv@grs              cstackBANK0  0044
___fldiv@new_exp          cstackBANK0  0042
___fldiv@rem              cstackBANK0  003D
___fldiv@sign             cstackBANK0  0041
___flmul                  text3        0481
___flmul@a                cstackBANK0  004E
___flmul@aexp             cstackBANK0  005C
___flmul@b                cstackBANK0  004A
___flmul@bexp             cstackBANK0  005D
___flmul@grs              cstackBANK0  0058
___flmul@prod             cstackBANK0  005E
___flmul@sign             cstackBANK0  0057
___flmul@temp             cstackBANK0  0062
___fltol                  text2        0013
___fltol@exp1             cstackBANK0  006E
___fltol@f1               cstackBANK0  0064
___fltol@sign1            cstackBANK0  006D
___int_sp                 stack        0000
___latbits                (abs)        0002
___sp                     stack        0000
___stackhi                (abs)        0000
___stacklo                (abs)        0000
___xxtofl                 text9        012C
___xxtofl@arg             cstackBANK0  002C
___xxtofl@exp             cstackBANK0  002B
___xxtofl@sign            cstackBANK0  002A
___xxtofl@val             cstackBANK0  0026
__end_of_ADC_Init         text10       0013
__end_of_ADC_readChannel  text8        0F96
__end_of_PWM1_Init        text6        0F37
__end_of_PWM_dutyCycle    text1        02A4
__end_of__Umul8_16        text4        0EF6
__end_of___aldiv          text7        012C
__end_of___fldiv          text5        0481
__end_of___flmul          text3        07E2
__end_of___fltol          text2        008F
__end_of___xxtofl         text9        01E8
__end_of__initialization  cinit        07FC
__end_of_main             maintext     1000
__initialization          cinit        07E2
__pcstackBANK0            cstackBANK0  0020
__pcstackBANK1            cstackBANK1  00A0
__pcstackCOMMON           cstackCOMMON 0070
__pdataBANK1              dataBANK1    00AE
__pidataBANK1             idataBANK1   0006
__pmaintext               maintext     0F96
__ptext1                  text1        01E8
__ptext10                 text10       000A
__ptext2                  text2        0013
__ptext3                  text3        0481
__ptext4                  text4        0ECF
__ptext5                  text5        02A4
__ptext6                  text6        0EF6
__ptext7                  text7        008F
__ptext8                  text8        0F37
__ptext9                  text9        012C
__size_of_ADC_Init        (abs)        0000
__size_of_ADC_readChannel (abs)        0000
__size_of_PWM1_Init       (abs)        0000
__size_of_PWM_dutyCycle   (abs)        0000
__size_of__Umul8_16       (abs)        0000
__size_of___aldiv         (abs)        0000
__size_of___fldiv         (abs)        0000
__size_of___flmul         (abs)        0000
__size_of___fltol         (abs)        0000
__size_of___xxtofl        (abs)        0000
__size_of_main            (abs)        0000
_main                     maintext     0F96
_main$669                 cstackBANK1  00AC
btemp                     (abs)        007E
end_of_initialization     cinit        07FC
intlevel0                 functab      0000
intlevel1                 functab      0000
intlevel2                 functab      0000
intlevel3                 functab      0000
intlevel4                 functab      0000
intlevel5                 functab      0000
main@adc_value            cstackBANK1  00A8
reset_vec                 reset_vec    0000
start                     init         0000
start_initialization      cinit        07E2
wtemp0                    (abs)        007E


FUNCTION INFORMATION:

 *************** function _main *****************
 Defined at:
		line 66 in file "pwm.c"
 Parameters:    Size  Location     Type
		None
 Auto vars:     Size  Location     Type
  adc_value       4    8[BANK1 ] 
 Return value:  Size  Location     Type
                  1    wreg      void 
 Registers used:
		wreg, status,2, status,0, btemp+1, pclath, cstack
 Tracked objects:
		On entry : 
		On exit  : 
		Unchanged: 
 Data sizes:     COMMON   BANK0   BANK1   BANK3   BANK2
      Params:         0       0       0       0       0
      Locals:         0       0       6       0       0
      Temps:          0       0       2       0       0
      Totals:         0       0       8       0       0
Total ram usage:        8 bytes
 Hardware stack levels required when called:    3
 This function calls:
		_ADC_Init
		_ADC_readChannel
		_PWM1_Init
		_PWM_dutyCycle
		___fltol
 This function is called by:
		Startup code after reset
 This function uses a non-reentrant model


 *************** function _PWM_dutyCycle *****************
 Defined at:
		line 41 in file "pwm.c"
 Parameters:    Size  Location     Type
  duty            2    0[BANK1 ] unsigned int 
 Auto vars:     Size  Location     Type
		None
 Return value:  Size  Location     Type
                  1    wreg      void 
 Registers used:
		wreg, status,2, status,0, btemp+1, pclath, cstack
 Tracked objects:
		On entry : 
		On exit  : 
		Unchanged: 
 Data sizes:     COMMON   BANK0   BANK1   BANK3   BANK2
      Params:         0       0       2       0       0
      Locals:         0       0       0       0       0
      Temps:          0       0       4       0       0
      Totals:         0       0       6       0       0
Total ram usage:        6 bytes
 Hardware stack levels used:    1
 Hardware stack levels required when called:    2
 This function calls:
		___aldiv
		___fldiv
		___flmul
		___fltol
		___xxtofl
 This function is called by:
		_main
 This function uses a non-reentrant model


 *************** function ___fltol *****************
 Defined at:
		line 43 in file "C:\Program Files\Microchip\xc8\v2.31\pic\sources\c90\common\fltol.c"
 Parameters:    Size  Location     Type
  f1              4   68[BANK0 ] void 
 Auto vars:     Size  Location     Type
  exp1            1   78[BANK0 ] unsigned char 
  sign1           1   77[BANK0 ] unsigned char 
 Return value:  Size  Location     Type
                  4   68[BANK0 ] long 
 Registers used:
		wreg, status,2, status,0
 Tracked objects:
		On entry : 
		On exit  : 
		Unchanged: 
 Data sizes:     COMMON   BANK0   BANK1   BANK3   BANK2
      Params:         0       4       0       0       0
      Locals:         0       2       0       0       0
      Temps:          0       5       0       0       0
      Totals:         0      11       0       0       0
Total ram usage:       11 bytes
 Hardware stack levels used:    1
 This function calls:
		Nothing
 This function is called by:
		_PWM_dutyCycle
		_main
 This function uses a non-reentrant model


 *************** function ___flmul *****************
 Defined at:
		line 8 in file "C:\Program Files\Microchip\xc8\v2.31\pic\sources\c90\common\sprcmul.c"
 Parameters:    Size  Location     Type
  b               4   42[BANK0 ] long 
  a               4   46[BANK0 ] long 
 Auto vars:     Size  Location     Type
  prod            4   62[BANK0 ] struct .
  grs             4   56[BANK0 ] unsigned long 
  temp            2   66[BANK0 ] struct .
  bexp            1   61[BANK0 ] unsigned char 
  aexp            1   60[BANK0 ] unsigned char 
  sign            1   55[BANK0 ] unsigned char 
 Return value:  Size  Location     Type
                  4   42[BANK0 ] unsigned char 
 Registers used:
		wreg, status,2, status,0, btemp+1, pclath, cstack
 Tracked objects:
		On entry : 
		On exit  : 
		Unchanged: 
 Data sizes:     COMMON   BANK0   BANK1   BANK3   BANK2
      Params:         0       8       0       0       0
      Locals:         0      13       0       0       0
      Temps:          0       5       0       0       0
      Totals:         0      26       0       0       0
Total ram usage:       26 bytes
 Hardware stack levels used:    1
 Hardware stack levels required when called:    1
 This function calls:
		__Umul8_16
 This function is called by:
		_PWM_dutyCycle
 This function uses a non-reentrant model


 *************** function __Umul8_16 *****************
 Defined at:
		line 4 in file "C:\Program Files\Microchip\xc8\v2.31\pic\sources\c90\common\Umul8_16.c"
 Parameters:    Size  Location     Type
  multiplier      1    wreg     unsigned char 
  multiplicand    1    0[COMMON] unsigned char 
 Auto vars:     Size  Location     Type
  multiplier      1    8[COMMON] unsigned char 
  word_mpld       2    6[COMMON] unsigned int 
  product         2    4[COMMON] unsigned int 
 Return value:  Size  Location     Type
                  2    0[COMMON] unsigned int 
 Registers used:
		wreg, status,2, status,0
 Tracked objects:
		On entry : 
		On exit  : 
		Unchanged: 
 Data sizes:     COMMON   BANK0   BANK1   BANK3   BANK2
      Params:         2       0       0       0       0
      Locals:         5       0       0       0       0
      Temps:          2       0       0       0       0
      Totals:         9       0       0       0       0
Total ram usage:        9 bytes
 Hardware stack levels used:    1
 This function calls:
		Nothing
 This function is called by:
		___flmul
 This function uses a non-reentrant model


 *************** function ___fldiv *****************
 Defined at:
		line 8 in file "C:\Program Files\Microchip\xc8\v2.31\pic\sources\c90\common\sprcdiv.c"
 Parameters:    Size  Location     Type
  a               4   16[BANK0 ] unsigned int 
  b               4   20[BANK0 ] unsigned int 
 Auto vars:     Size  Location     Type
  grs             4   36[BANK0 ] unsigned long 
  rem             4   29[BANK0 ] unsigned long 
  new_exp         2   34[BANK0 ] int 
  aexp            1   41[BANK0 ] unsigned char 
  bexp            1   40[BANK0 ] unsigned char 
  sign            1   33[BANK0 ] unsigned char 
 Return value:  Size  Location     Type
                  4   16[BANK0 ] unsigned char 
 Registers used:
		wreg, status,2, status,0, btemp+1
 Tracked objects:
		On entry : 
		On exit  : 
		Unchanged: 
 Data sizes:     COMMON   BANK0   BANK1   BANK3   BANK2
      Params:         0       8       0       0       0
      Locals:         0      13       0       0       0
      Temps:          0       5       0       0       0
      Totals:         0      26       0       0       0
Total ram usage:       26 bytes
 Hardware stack levels used:    1
 This function calls:
		Nothing
 This function is called by:
		_PWM_dutyCycle
 This function uses a non-reentrant model


 *************** function _PWM1_Init *****************
 Defined at:
		line 29 in file "pwm.c"
 Parameters:    Size  Location     Type
		None
 Auto vars:     Size  Location     Type
		None
 Return value:  Size  Location     Type
                  1    wreg      void 
 Registers used:
		wreg, status,2, status,0, pclath, cstack
 Tracked objects:
		On entry : 
		On exit  : 
		Unchanged: 
 Data sizes:     COMMON   BANK0   BANK1   BANK3   BANK2
      Params:         0       0       0       0       0
      Locals:         0       0       0       0       0
      Temps:          4       0       0       0       0
      Totals:         4       0       0       0       0
Total ram usage:        4 bytes
 Hardware stack levels used:    1
 Hardware stack levels required when called:    1
 This function calls:
		___aldiv
 This function is called by:
		_main
 This function uses a non-reentrant model


 *************** function ___aldiv *****************
 Defined at:
		line 5 in file "C:\Program Files\Microchip\xc8\v2.31\pic\sources\c90\common\aldiv.c"
 Parameters:    Size  Location     Type
  divisor         4    0[COMMON] long 
  dividend        4    4[COMMON] long 
 Auto vars:     Size  Location     Type
  quotient        4    2[BANK0 ] long 
  sign            1    1[BANK0 ] unsigned char 
  counter         1    0[BANK0 ] unsigned char 
 Return value:  Size  Location     Type
                  4    0[COMMON] long 
 Registers used:
		wreg, status,2, status,0
 Tracked objects:
		On entry : 
		On exit  : 
		Unchanged: 
 Data sizes:     COMMON   BANK0   BANK1   BANK3   BANK2
      Params:         8       0       0       0       0
      Locals:         0       6       0       0       0
      Temps:          1       0       0       0       0
      Totals:         9       6       0       0       0
Total ram usage:       15 bytes
 Hardware stack levels used:    1
 This function calls:
		Nothing
 This function is called by:
		_PWM1_Init
		_PWM_dutyCycle
 This function uses a non-reentrant model


 *************** function _ADC_readChannel *****************
 Defined at:
		line 56 in file "pwm.c"
 Parameters:    Size  Location     Type
  channel         1    wreg     unsigned char 
 Auto vars:     Size  Location     Type
  channel         1   13[COMMON] unsigned char 
 Return value:  Size  Location     Type
                  4   16[BANK0 ] unsigned char 
 Registers used:
		wreg, status,2, status,0, btemp+1, pclath, cstack
 Tracked objects:
		On entry : 
		On exit  : 
		Unchanged: 
 Data sizes:     COMMON   BANK0   BANK1   BANK3   BANK2
      Params:         0       4       0       0       0
      Locals:         1       0       0       0       0
      Temps:          0       2       0       0       0
      Totals:         1       6       0       0       0
Total ram usage:        7 bytes
 Hardware stack levels used:    1
 Hardware stack levels required when called:    1
 This function calls:
		___xxtofl
 This function is called by:
		_main
 This function uses a non-reentrant model


 *************** function ___xxtofl *****************
 Defined at:
		line 10 in file "C:\Program Files\Microchip\xc8\v2.31\pic\sources\c90\common\xxtofl.c"
 Parameters:    Size  Location     Type
  sign            1    wreg     unsigned char 
  val             4    6[BANK0 ] long 
 Auto vars:     Size  Location     Type
  sign            1   10[BANK0 ] unsigned char 
  arg             4   12[BANK0 ] unsigned long 
  exp             1   11[BANK0 ] unsigned char 
 Return value:  Size  Location     Type
                  4    6[BANK0 ] unsigned char 
 Registers used:
		wreg, status,2, status,0
 Tracked objects:
		On entry : 
		On exit  : 
		Unchanged: 
 Data sizes:     COMMON   BANK0   BANK1   BANK3   BANK2
      Params:         0       4       0       0       0
      Locals:         0       6       0       0       0
      Temps:          4       0       0       0       0
      Totals:         4      10       0       0       0
Total ram usage:       14 bytes
 Hardware stack levels used:    1
 This function calls:
		Nothing
 This function is called by:
		_PWM_dutyCycle
		_ADC_readChannel
 This function uses a non-reentrant model


 *************** function _ADC_Init *****************
 Defined at:
		line 51 in file "pwm.c"
 Parameters:    Size  Location     Type
		None
 Auto vars:     Size  Location     Type
		None
 Return value:  Size  Location     Type
                  1    wreg      void 
 Registers used:
		wreg
 Tracked objects:
		On entry : 
		On exit  : 
		Unchanged: 
 Data sizes:     COMMON   BANK0   BANK1   BANK3   BANK2
      Params:         0       0       0       0       0
      Locals:         0       0       0       0       0
      Temps:          0       0       0       0       0
      Totals:         0       0       0       0       0
Total ram usage:        0 bytes
 Hardware stack levels used:    1
 This function calls:
		Nothing
 This function is called by:
		_main
 This function uses a non-reentrant model



MODULE INFORMATION

Module		Function		Class		Link	Load	Size
C:\Program Files\Microchip\xc8\v2.31\pic\sources\c90\common\sprcmul.c
		___flmul       		CODE           	0481	0000	865

C:\Program Files\Microchip\xc8\v2.31\pic\sources\c90\common\sprcmul.c estimated size: 865

C:\Program Files\Microchip\xc8\v2.31\pic\sources\c90\common\sprcdiv.c
		___fldiv       		CODE           	02A4	0000	477

C:\Program Files\Microchip\xc8\v2.31\pic\sources\c90\common\sprcdiv.c estimated size: 477

C:\Program Files\Microchip\xc8\v2.31\pic\sources\c90\common\Umul8_16.c
		__Umul8_16     		CODE           	0ECF	0000	39

C:\Program Files\Microchip\xc8\v2.31\pic\sources\c90\common\Umul8_16.c estimated size: 39

pwm.c
		_main          		CODE           	0F96	0000	106
		_PWM1_Init     		CODE           	0EF6	0000	65
		_PWM_dutyCycle 		CODE           	01E8	0000	188
		_ADC_Init      		CODE           	000A	0000	9
		_ADC_readChannel		CODE           	0F37	0000	95

pwm.c estimated size: 463

shared
		__initialization		CODE           	07E2	0000	26

shared estimated size: 26

C:\Program Files\Microchip\xc8\v2.31\pic\sources\c90\common\fltol.c
		___fltol       		CODE           	0013	0000	124

C:\Program Files\Microchip\xc8\v2.31\pic\sources\c90\common\fltol.c estimated size: 124

C:\Program Files\Microchip\xc8\v2.31\pic\sources\c90\common\xxtofl.c
		___xxtofl      		CODE           	012C	0000	188

C:\Program Files\Microchip\xc8\v2.31\pic\sources\c90\common\xxtofl.c estimated size: 188

C:\Program Files\Microchip\xc8\v2.31\pic\sources\c90\common\aldiv.c
		___aldiv       		CODE           	008F	0000	157

C:\Program Files\Microchip\xc8\v2.31\pic\sources\c90\common\aldiv.c estimated size: 157

